Archive member included to satisfy reference by file (symbol)

/opt/microchip/avr-gcc/bin/../lib/gcc/avr/15.1.0/avr51/libgcc.a(_exit.o)
                              /opt/microchip/avr-gcc/bin/../lib/gcc/avr/15.1.0/../../../../avr/lib/avr51/crtatmega128a.o (exit)
/opt/microchip/avr-gcc/bin/../lib/gcc/avr/15.1.0/avr51/libgcc.a(_udivmodsi4.o)
                              /tmp/cc5lZMSj.ltrans0.ltrans.o (__udivmodsi4)
/opt/microchip/avr-gcc/bin/../lib/gcc/avr/15.1.0/avr51/libgcc.a(_copy_data.o)
                              /tmp/cc5lZMSj.ltrans0.ltrans.o (__do_copy_data)
/opt/microchip/avr-gcc/bin/../lib/gcc/avr/15.1.0/avr51/libgcc.a(_clear_bss.o)
                              /tmp/cc5lZMSj.ltrans0.ltrans.o (__do_clear_bss)

Discarded input sections

 .data          0x00000000        0x0 /opt/microchip/avr-gcc/bin/../lib/gcc/avr/15.1.0/../../../../avr/lib/avr51/crtatmega128a.o
 .bss           0x00000000        0x0 /opt/microchip/avr-gcc/bin/../lib/gcc/avr/15.1.0/../../../../avr/lib/avr51/crtatmega128a.o
 .group         0x00000000        0xc /tmp/cc6c1G4j.debug.temp.o
 .group         0x00000000        0xc /tmp/cc6c1G4j.debug.temp.o
 .group         0x00000000        0xc /tmp/cc6c1G4j.debug.temp.o
 .group         0x00000000        0xc /tmp/cc6c1G4j.debug.temp.o
 .group         0x00000000        0xc /tmp/cc6c1G4j.debug.temp.o
 .group         0x00000000        0xc /tmp/cc6c1G4j.debug.temp.o
 .group         0x00000000        0xc /tmp/cc6c1G4j.debug.temp.o
 .group         0x00000000        0xc /tmp/cc6c1G4j.debug.temp.o
 .group         0x00000000        0xc /tmp/cc6c1G4j.debug.temp.o
 .group         0x00000000        0xc /tmp/cc6c1G4j.debug.temp.o
 .group         0x00000000        0xc /tmp/cc6c1G4j.debug.temp.o
 .group         0x00000000        0xc /tmp/cc6c1G4j.debug.temp.o
 .comment       0x00000000       0x30 /tmp/cc6c1G4j.debug.temp.o
 .group         0x00000000        0xc /tmp/ccsM94XP.debug.temp.o
 .group         0x00000000        0xc /tmp/ccsM94XP.debug.temp.o
 .group         0x00000000        0xc /tmp/ccsM94XP.debug.temp.o
 .debug_macro   0x00000000      0xc46 /tmp/ccsM94XP.debug.temp.o
 .debug_macro   0x00000000      0x1c9 /tmp/ccsM94XP.debug.temp.o
 .comment       0x00000000       0x30 /tmp/ccsM94XP.debug.temp.o
 .group         0x00000000        0xc /tmp/ccCpJQSh.debug.temp.o
 .group         0x00000000        0xc /tmp/ccCpJQSh.debug.temp.o
 .group         0x00000000        0xc /tmp/ccCpJQSh.debug.temp.o
 .group         0x00000000        0xc /tmp/ccCpJQSh.debug.temp.o
 .group         0x00000000        0xc /tmp/ccCpJQSh.debug.temp.o
 .group         0x00000000        0xc /tmp/ccCpJQSh.debug.temp.o
 .group         0x00000000        0xc /tmp/ccCpJQSh.debug.temp.o
 .group         0x00000000        0xc /tmp/ccCpJQSh.debug.temp.o
 .group         0x00000000        0xc /tmp/ccCpJQSh.debug.temp.o
 .group         0x00000000        0xc /tmp/ccCpJQSh.debug.temp.o
 .group         0x00000000        0xc /tmp/ccCpJQSh.debug.temp.o
 .group         0x00000000        0xc /tmp/ccCpJQSh.debug.temp.o
 .group         0x00000000        0xc /tmp/ccCpJQSh.debug.temp.o
 .group         0x00000000        0xc /tmp/ccCpJQSh.debug.temp.o
 .debug_macro   0x00000000      0xc46 /tmp/ccCpJQSh.debug.temp.o
 .debug_macro   0x00000000       0x10 /tmp/ccCpJQSh.debug.temp.o
 .debug_macro   0x00000000      0x1c9 /tmp/ccCpJQSh.debug.temp.o
 .debug_macro   0x00000000      0x2fd /tmp/ccCpJQSh.debug.temp.o
 .debug_macro   0x00000000       0x9e /tmp/ccCpJQSh.debug.temp.o
 .debug_macro   0x00000000     0x138f /tmp/ccCpJQSh.debug.temp.o
 .debug_macro   0x00000000      0x204 /tmp/ccCpJQSh.debug.temp.o
 .debug_macro   0x00000000       0xcb /tmp/ccCpJQSh.debug.temp.o
 .debug_macro   0x00000000       0x34 /tmp/ccCpJQSh.debug.temp.o
 .debug_macro   0x00000000       0x18 /tmp/ccCpJQSh.debug.temp.o
 .debug_macro   0x00000000       0x6c /tmp/ccCpJQSh.debug.temp.o
 .debug_macro   0x00000000       0x16 /tmp/ccCpJQSh.debug.temp.o
 .comment       0x00000000       0x30 /tmp/ccCpJQSh.debug.temp.o
 .group         0x00000000        0xc /tmp/ccwt9E9A.debug.temp.o
 .group         0x00000000        0xc /tmp/ccwt9E9A.debug.temp.o
 .group         0x00000000        0xc /tmp/ccwt9E9A.debug.temp.o
 .group         0x00000000        0xc /tmp/ccwt9E9A.debug.temp.o
 .group         0x00000000        0xc /tmp/ccwt9E9A.debug.temp.o
 .group         0x00000000        0xc /tmp/ccwt9E9A.debug.temp.o
 .group         0x00000000        0xc /tmp/ccwt9E9A.debug.temp.o
 .group         0x00000000        0xc /tmp/ccwt9E9A.debug.temp.o
 .group         0x00000000        0xc /tmp/ccwt9E9A.debug.temp.o
 .group         0x00000000        0xc /tmp/ccwt9E9A.debug.temp.o
 .group         0x00000000        0xc /tmp/ccwt9E9A.debug.temp.o
 .group         0x00000000        0xc /tmp/ccwt9E9A.debug.temp.o
 .group         0x00000000        0xc /tmp/ccwt9E9A.debug.temp.o
 .group         0x00000000        0xc /tmp/ccwt9E9A.debug.temp.o
 .group         0x00000000        0xc /tmp/ccwt9E9A.debug.temp.o
 .group         0x00000000        0xc /tmp/ccwt9E9A.debug.temp.o
 .debug_macro   0x00000000      0xc46 /tmp/ccwt9E9A.debug.temp.o
 .debug_macro   0x00000000       0x10 /tmp/ccwt9E9A.debug.temp.o
 .debug_macro   0x00000000      0x1c9 /tmp/ccwt9E9A.debug.temp.o
 .debug_macro   0x00000000      0x2fd /tmp/ccwt9E9A.debug.temp.o
 .debug_macro   0x00000000       0x9e /tmp/ccwt9E9A.debug.temp.o
 .debug_macro   0x00000000     0x138f /tmp/ccwt9E9A.debug.temp.o
 .debug_macro   0x00000000      0x204 /tmp/ccwt9E9A.debug.temp.o
 .debug_macro   0x00000000       0xcb /tmp/ccwt9E9A.debug.temp.o
 .debug_macro   0x00000000       0x34 /tmp/ccwt9E9A.debug.temp.o
 .debug_macro   0x00000000       0x18 /tmp/ccwt9E9A.debug.temp.o
 .debug_macro   0x00000000       0x6c /tmp/ccwt9E9A.debug.temp.o
 .debug_macro   0x00000000       0x16 /tmp/ccwt9E9A.debug.temp.o
 .comment       0x00000000       0x30 /tmp/ccwt9E9A.debug.temp.o
 .group         0x00000000        0xc /tmp/ccl0Kfcu.debug.temp.o
 .group         0x00000000        0xc /tmp/ccl0Kfcu.debug.temp.o
 .group         0x00000000        0xc /tmp/ccl0Kfcu.debug.temp.o
 .group         0x00000000        0xc /tmp/ccl0Kfcu.debug.temp.o
 .group         0x00000000        0xc /tmp/ccl0Kfcu.debug.temp.o
 .group         0x00000000        0xc /tmp/ccl0Kfcu.debug.temp.o
 .group         0x00000000        0xc /tmp/ccl0Kfcu.debug.temp.o
 .group         0x00000000        0xc /tmp/ccl0Kfcu.debug.temp.o
 .group         0x00000000        0xc /tmp/ccl0Kfcu.debug.temp.o
 .group         0x00000000        0xc /tmp/ccl0Kfcu.debug.temp.o
 .group         0x00000000        0xc /tmp/ccl0Kfcu.debug.temp.o
 .group         0x00000000        0xc /tmp/ccl0Kfcu.debug.temp.o
 .group         0x00000000        0xc /tmp/ccl0Kfcu.debug.temp.o
 .debug_macro   0x00000000      0xc46 /tmp/ccl0Kfcu.debug.temp.o
 .debug_macro   0x00000000       0x10 /tmp/ccl0Kfcu.debug.temp.o
 .debug_macro   0x00000000      0x1c9 /tmp/ccl0Kfcu.debug.temp.o
 .debug_macro   0x00000000      0x2fd /tmp/ccl0Kfcu.debug.temp.o
 .debug_macro   0x00000000       0x9e /tmp/ccl0Kfcu.debug.temp.o
 .debug_macro   0x00000000     0x138f /tmp/ccl0Kfcu.debug.temp.o
 .debug_macro   0x00000000      0x204 /tmp/ccl0Kfcu.debug.temp.o
 .debug_macro   0x00000000       0xcb /tmp/ccl0Kfcu.debug.temp.o
 .debug_macro   0x00000000       0x34 /tmp/ccl0Kfcu.debug.temp.o
 .debug_macro   0x00000000       0x18 /tmp/ccl0Kfcu.debug.temp.o
 .debug_macro   0x00000000       0x6c /tmp/ccl0Kfcu.debug.temp.o
 .debug_macro   0x00000000       0x16 /tmp/ccl0Kfcu.debug.temp.o
 .debug_macro   0x00000000       0x28 /tmp/ccl0Kfcu.debug.temp.o
 .comment       0x00000000       0x30 /tmp/ccl0Kfcu.debug.temp.o
 .group         0x00000000        0xc /tmp/cc9pChdt.debug.temp.o
 .group         0x00000000        0xc /tmp/cc9pChdt.debug.temp.o
 .group         0x00000000        0xc /tmp/cc9pChdt.debug.temp.o
 .group         0x00000000        0xc /tmp/cc9pChdt.debug.temp.o
 .group         0x00000000        0xc /tmp/cc9pChdt.debug.temp.o
 .group         0x00000000        0xc /tmp/cc9pChdt.debug.temp.o
 .group         0x00000000        0xc /tmp/cc9pChdt.debug.temp.o
 .group         0x00000000        0xc /tmp/cc9pChdt.debug.temp.o
 .group         0x00000000        0xc /tmp/cc9pChdt.debug.temp.o
 .group         0x00000000        0xc /tmp/cc9pChdt.debug.temp.o
 .group         0x00000000        0xc /tmp/cc9pChdt.debug.temp.o
 .group         0x00000000        0xc /tmp/cc9pChdt.debug.temp.o
 .debug_macro   0x00000000      0xc46 /tmp/cc9pChdt.debug.temp.o
 .debug_macro   0x00000000       0x10 /tmp/cc9pChdt.debug.temp.o
 .debug_macro   0x00000000      0x1c9 /tmp/cc9pChdt.debug.temp.o
 .debug_macro   0x00000000      0x2fd /tmp/cc9pChdt.debug.temp.o
 .debug_macro   0x00000000       0x9e /tmp/cc9pChdt.debug.temp.o
 .debug_macro   0x00000000     0x138f /tmp/cc9pChdt.debug.temp.o
 .debug_macro   0x00000000      0x204 /tmp/cc9pChdt.debug.temp.o
 .debug_macro   0x00000000       0xcb /tmp/cc9pChdt.debug.temp.o
 .debug_macro   0x00000000       0x34 /tmp/cc9pChdt.debug.temp.o
 .debug_macro   0x00000000       0x18 /tmp/cc9pChdt.debug.temp.o
 .debug_macro   0x00000000       0x6c /tmp/cc9pChdt.debug.temp.o
 .comment       0x00000000       0x30 /tmp/cc9pChdt.debug.temp.o
 .group         0x00000000        0xc /tmp/ccUAZRyy.debug.temp.o
 .group         0x00000000        0xc /tmp/ccUAZRyy.debug.temp.o
 .group         0x00000000        0xc /tmp/ccUAZRyy.debug.temp.o
 .group         0x00000000        0xc /tmp/ccUAZRyy.debug.temp.o
 .group         0x00000000        0xc /tmp/ccUAZRyy.debug.temp.o
 .group         0x00000000        0xc /tmp/ccUAZRyy.debug.temp.o
 .group         0x00000000        0xc /tmp/ccUAZRyy.debug.temp.o
 .group         0x00000000        0xc /tmp/ccUAZRyy.debug.temp.o
 .group         0x00000000        0xc /tmp/ccUAZRyy.debug.temp.o
 .group         0x00000000        0xc /tmp/ccUAZRyy.debug.temp.o
 .group         0x00000000        0xc /tmp/ccUAZRyy.debug.temp.o
 .group         0x00000000        0xc /tmp/ccUAZRyy.debug.temp.o
 .group         0x00000000        0xc /tmp/ccUAZRyy.debug.temp.o
 .debug_macro   0x00000000      0xc46 /tmp/ccUAZRyy.debug.temp.o
 .debug_macro   0x00000000       0x10 /tmp/ccUAZRyy.debug.temp.o
 .debug_macro   0x00000000      0x1c9 /tmp/ccUAZRyy.debug.temp.o
 .debug_macro   0x00000000      0x2fd /tmp/ccUAZRyy.debug.temp.o
 .debug_macro   0x00000000       0x9e /tmp/ccUAZRyy.debug.temp.o
 .debug_macro   0x00000000     0x138f /tmp/ccUAZRyy.debug.temp.o
 .debug_macro   0x00000000      0x204 /tmp/ccUAZRyy.debug.temp.o
 .debug_macro   0x00000000       0xcb /tmp/ccUAZRyy.debug.temp.o
 .debug_macro   0x00000000       0x34 /tmp/ccUAZRyy.debug.temp.o
 .debug_macro   0x00000000       0x18 /tmp/ccUAZRyy.debug.temp.o
 .debug_macro   0x00000000       0x6c /tmp/ccUAZRyy.debug.temp.o
 .debug_macro   0x00000000       0x16 /tmp/ccUAZRyy.debug.temp.o
 .debug_macro   0x00000000       0x16 /tmp/ccUAZRyy.debug.temp.o
 .comment       0x00000000       0x30 /tmp/ccUAZRyy.debug.temp.o
 .group         0x00000000        0xc /tmp/cc6yZNj4.debug.temp.o
 .group         0x00000000        0xc /tmp/cc6yZNj4.debug.temp.o
 .group         0x00000000        0xc /tmp/cc6yZNj4.debug.temp.o
 .group         0x00000000        0xc /tmp/cc6yZNj4.debug.temp.o
 .group         0x00000000        0xc /tmp/cc6yZNj4.debug.temp.o
 .group         0x00000000        0xc /tmp/cc6yZNj4.debug.temp.o
 .group         0x00000000        0xc /tmp/cc6yZNj4.debug.temp.o
 .group         0x00000000        0xc /tmp/cc6yZNj4.debug.temp.o
 .group         0x00000000        0xc /tmp/cc6yZNj4.debug.temp.o
 .group         0x00000000        0xc /tmp/cc6yZNj4.debug.temp.o
 .group         0x00000000        0xc /tmp/cc6yZNj4.debug.temp.o
 .group         0x00000000        0xc /tmp/cc6yZNj4.debug.temp.o
 .group         0x00000000        0xc /tmp/cc6yZNj4.debug.temp.o
 .debug_macro   0x00000000      0xc46 /tmp/cc6yZNj4.debug.temp.o
 .debug_macro   0x00000000       0x10 /tmp/cc6yZNj4.debug.temp.o
 .debug_macro   0x00000000      0x1c9 /tmp/cc6yZNj4.debug.temp.o
 .debug_macro   0x00000000      0x2fd /tmp/cc6yZNj4.debug.temp.o
 .debug_macro   0x00000000       0x9e /tmp/cc6yZNj4.debug.temp.o
 .debug_macro   0x00000000     0x138f /tmp/cc6yZNj4.debug.temp.o
 .debug_macro   0x00000000      0x204 /tmp/cc6yZNj4.debug.temp.o
 .debug_macro   0x00000000       0xcb /tmp/cc6yZNj4.debug.temp.o
 .debug_macro   0x00000000       0x34 /tmp/cc6yZNj4.debug.temp.o
 .debug_macro   0x00000000       0x18 /tmp/cc6yZNj4.debug.temp.o
 .debug_macro   0x00000000       0x6c /tmp/cc6yZNj4.debug.temp.o
 .debug_macro   0x00000000       0x16 /tmp/cc6yZNj4.debug.temp.o
 .debug_macro   0x00000000       0x16 /tmp/cc6yZNj4.debug.temp.o
 .comment       0x00000000       0x30 /tmp/cc6yZNj4.debug.temp.o
 .group         0x00000000        0xc /tmp/ccp84QoV.debug.temp.o
 .debug_info    0x00000000       0x22 /tmp/ccp84QoV.debug.temp.o
 .debug_abbrev  0x00000000       0x12 /tmp/ccp84QoV.debug.temp.o
 .debug_macro   0x00000000       0x11 /tmp/ccp84QoV.debug.temp.o
 .debug_macro   0x00000000      0xc46 /tmp/ccp84QoV.debug.temp.o
 .debug_line    0x00000000       0x3a /tmp/ccp84QoV.debug.temp.o
 .debug_str     0x00000000     0x33d2 /tmp/ccp84QoV.debug.temp.o
 .debug_line_str
                0x00000000       0x85 /tmp/ccp84QoV.debug.temp.o
 .comment       0x00000000       0x30 /tmp/ccp84QoV.debug.temp.o
 .group         0x00000000        0xc /tmp/ccQza3k7.debug.temp.o
 .group         0x00000000        0xc /tmp/ccQza3k7.debug.temp.o
 .group         0x00000000        0xc /tmp/ccQza3k7.debug.temp.o
 .group         0x00000000        0xc /tmp/ccQza3k7.debug.temp.o
 .group         0x00000000        0xc /tmp/ccQza3k7.debug.temp.o
 .group         0x00000000        0xc /tmp/ccQza3k7.debug.temp.o
 .group         0x00000000        0xc /tmp/ccQza3k7.debug.temp.o
 .group         0x00000000        0xc /tmp/ccQza3k7.debug.temp.o
 .group         0x00000000        0xc /tmp/ccQza3k7.debug.temp.o
 .group         0x00000000        0xc /tmp/ccQza3k7.debug.temp.o
 .group         0x00000000        0xc /tmp/ccQza3k7.debug.temp.o
 .group         0x00000000        0xc /tmp/ccQza3k7.debug.temp.o
 .group         0x00000000        0xc /tmp/ccQza3k7.debug.temp.o
 .debug_macro   0x00000000      0xc46 /tmp/ccQza3k7.debug.temp.o
 .debug_macro   0x00000000      0x1c9 /tmp/ccQza3k7.debug.temp.o
 .debug_macro   0x00000000       0x16 /tmp/ccQza3k7.debug.temp.o
 .debug_macro   0x00000000       0x10 /tmp/ccQza3k7.debug.temp.o
 .debug_macro   0x00000000       0x9e /tmp/ccQza3k7.debug.temp.o
 .debug_macro   0x00000000     0x138f /tmp/ccQza3k7.debug.temp.o
 .debug_macro   0x00000000      0x204 /tmp/ccQza3k7.debug.temp.o
 .debug_macro   0x00000000       0xcb /tmp/ccQza3k7.debug.temp.o
 .debug_macro   0x00000000       0x34 /tmp/ccQza3k7.debug.temp.o
 .debug_macro   0x00000000       0x18 /tmp/ccQza3k7.debug.temp.o
 .debug_macro   0x00000000       0x6c /tmp/ccQza3k7.debug.temp.o
 .debug_macro   0x00000000       0x16 /tmp/ccQza3k7.debug.temp.o
 .comment       0x00000000       0x30 /tmp/ccQza3k7.debug.temp.o
 .text          0x00000000        0x0 /opt/microchip/avr-gcc/bin/../lib/gcc/avr/15.1.0/avr51/libgcc.a(_exit.o)
 .data          0x00000000        0x0 /opt/microchip/avr-gcc/bin/../lib/gcc/avr/15.1.0/avr51/libgcc.a(_exit.o)
 .bss           0x00000000        0x0 /opt/microchip/avr-gcc/bin/../lib/gcc/avr/15.1.0/avr51/libgcc.a(_exit.o)
 .text.libgcc.mul
                0x00000000        0x0 /opt/microchip/avr-gcc/bin/../lib/gcc/avr/15.1.0/avr51/libgcc.a(_exit.o)
 .text.libgcc.div
                0x00000000        0x0 /opt/microchip/avr-gcc/bin/../lib/gcc/avr/15.1.0/avr51/libgcc.a(_exit.o)
 .text.libgcc   0x00000000        0x0 /opt/microchip/avr-gcc/bin/../lib/gcc/avr/15.1.0/avr51/libgcc.a(_exit.o)
 .text.libgcc.prologue
                0x00000000        0x0 /opt/microchip/avr-gcc/bin/../lib/gcc/avr/15.1.0/avr51/libgcc.a(_exit.o)
 .text.libgcc.builtins
                0x00000000        0x0 /opt/microchip/avr-gcc/bin/../lib/gcc/avr/15.1.0/avr51/libgcc.a(_exit.o)
 .text.libgcc.fmul
                0x00000000        0x0 /opt/microchip/avr-gcc/bin/../lib/gcc/avr/15.1.0/avr51/libgcc.a(_exit.o)
 .text.libgcc.fixed
                0x00000000        0x0 /opt/microchip/avr-gcc/bin/../lib/gcc/avr/15.1.0/avr51/libgcc.a(_exit.o)
 .text          0x00000000        0x0 /opt/microchip/avr-gcc/bin/../lib/gcc/avr/15.1.0/avr51/libgcc.a(_udivmodsi4.o)
 .data          0x00000000        0x0 /opt/microchip/avr-gcc/bin/../lib/gcc/avr/15.1.0/avr51/libgcc.a(_udivmodsi4.o)
 .bss           0x00000000        0x0 /opt/microchip/avr-gcc/bin/../lib/gcc/avr/15.1.0/avr51/libgcc.a(_udivmodsi4.o)
 .text.libgcc.mul
                0x00000000        0x0 /opt/microchip/avr-gcc/bin/../lib/gcc/avr/15.1.0/avr51/libgcc.a(_udivmodsi4.o)
 .text.libgcc   0x00000000        0x0 /opt/microchip/avr-gcc/bin/../lib/gcc/avr/15.1.0/avr51/libgcc.a(_udivmodsi4.o)
 .text.libgcc.prologue
                0x00000000        0x0 /opt/microchip/avr-gcc/bin/../lib/gcc/avr/15.1.0/avr51/libgcc.a(_udivmodsi4.o)
 .text.libgcc.builtins
                0x00000000        0x0 /opt/microchip/avr-gcc/bin/../lib/gcc/avr/15.1.0/avr51/libgcc.a(_udivmodsi4.o)
 .text.libgcc.fmul
                0x00000000        0x0 /opt/microchip/avr-gcc/bin/../lib/gcc/avr/15.1.0/avr51/libgcc.a(_udivmodsi4.o)
 .text.libgcc.fixed
                0x00000000        0x0 /opt/microchip/avr-gcc/bin/../lib/gcc/avr/15.1.0/avr51/libgcc.a(_udivmodsi4.o)
 .text          0x00000000        0x0 /opt/microchip/avr-gcc/bin/../lib/gcc/avr/15.1.0/avr51/libgcc.a(_copy_data.o)
 .data          0x00000000        0x0 /opt/microchip/avr-gcc/bin/../lib/gcc/avr/15.1.0/avr51/libgcc.a(_copy_data.o)
 .bss           0x00000000        0x0 /opt/microchip/avr-gcc/bin/../lib/gcc/avr/15.1.0/avr51/libgcc.a(_copy_data.o)
 .text.libgcc.mul
                0x00000000        0x0 /opt/microchip/avr-gcc/bin/../lib/gcc/avr/15.1.0/avr51/libgcc.a(_copy_data.o)
 .text.libgcc.div
                0x00000000        0x0 /opt/microchip/avr-gcc/bin/../lib/gcc/avr/15.1.0/avr51/libgcc.a(_copy_data.o)
 .text.libgcc   0x00000000        0x0 /opt/microchip/avr-gcc/bin/../lib/gcc/avr/15.1.0/avr51/libgcc.a(_copy_data.o)
 .text.libgcc.prologue
                0x00000000        0x0 /opt/microchip/avr-gcc/bin/../lib/gcc/avr/15.1.0/avr51/libgcc.a(_copy_data.o)
 .text.libgcc.builtins
                0x00000000        0x0 /opt/microchip/avr-gcc/bin/../lib/gcc/avr/15.1.0/avr51/libgcc.a(_copy_data.o)
 .text.libgcc.fmul
                0x00000000        0x0 /opt/microchip/avr-gcc/bin/../lib/gcc/avr/15.1.0/avr51/libgcc.a(_copy_data.o)
 .text.libgcc.fixed
                0x00000000        0x0 /opt/microchip/avr-gcc/bin/../lib/gcc/avr/15.1.0/avr51/libgcc.a(_copy_data.o)
 .text          0x00000000        0x0 /opt/microchip/avr-gcc/bin/../lib/gcc/avr/15.1.0/avr51/libgcc.a(_clear_bss.o)
 .data          0x00000000        0x0 /opt/microchip/avr-gcc/bin/../lib/gcc/avr/15.1.0/avr51/libgcc.a(_clear_bss.o)
 .bss           0x00000000        0x0 /opt/microchip/avr-gcc/bin/../lib/gcc/avr/15.1.0/avr51/libgcc.a(_clear_bss.o)
 .text.libgcc.mul
                0x00000000        0x0 /opt/microchip/avr-gcc/bin/../lib/gcc/avr/15.1.0/avr51/libgcc.a(_clear_bss.o)
 .text.libgcc.div
                0x00000000        0x0 /opt/microchip/avr-gcc/bin/../lib/gcc/avr/15.1.0/avr51/libgcc.a(_clear_bss.o)
 .text.libgcc   0x00000000        0x0 /opt/microchip/avr-gcc/bin/../lib/gcc/avr/15.1.0/avr51/libgcc.a(_clear_bss.o)
 .text.libgcc.prologue
                0x00000000        0x0 /opt/microchip/avr-gcc/bin/../lib/gcc/avr/15.1.0/avr51/libgcc.a(_clear_bss.o)
 .text.libgcc.builtins
                0x00000000        0x0 /opt/microchip/avr-gcc/bin/../lib/gcc/avr/15.1.0/avr51/libgcc.a(_clear_bss.o)
 .text.libgcc.fmul
                0x00000000        0x0 /opt/microchip/avr-gcc/bin/../lib/gcc/avr/15.1.0/avr51/libgcc.a(_clear_bss.o)
 .text.libgcc.fixed
                0x00000000        0x0 /opt/microchip/avr-gcc/bin/../lib/gcc/avr/15.1.0/avr51/libgcc.a(_clear_bss.o)

Memory Configuration

Name             Origin             Length             Attributes
text             0x00000000         0x00020000         xr
data             0x00800100         0x00001000         rw!x
eeprom           0x00810000         0x00001000         rw!x
fuse             0x00820000         0x00000003         rw!x
lock             0x00830000         0x00000400         rw!x
signature        0x00840000         0x00000400         rw!x
user_signatures  0x00850000         0x00000400         rw!x
*default*        0x00000000         0xffffffff

Linker script and memory map

Address of section .data set to 0x800100
LOAD /opt/microchip/avr-gcc/bin/../lib/gcc/avr/15.1.0/../../../../avr/lib/avr51/crtatmega128a.o
LOAD /opt/microchip/avr-gcc/bin/../lib/gcc/avr/15.1.0/../../../../avr/lib/avr51/libm.a
LOAD CMakeFiles/atmega128a.elf.dir/ds1302.c.obj
LOAD /tmp/cc5lZMSj.ltrans0.ltrans.o
LOAD /tmp/cc6c1G4j.debug.temp.o
LOAD /tmp/ccsM94XP.debug.temp.o
LOAD /tmp/ccCpJQSh.debug.temp.o
LOAD /tmp/ccwt9E9A.debug.temp.o
LOAD /tmp/ccl0Kfcu.debug.temp.o
LOAD /tmp/cc9pChdt.debug.temp.o
LOAD /tmp/ccUAZRyy.debug.temp.o
LOAD /tmp/cc6yZNj4.debug.temp.o
LOAD /tmp/ccp84QoV.debug.temp.o
LOAD /tmp/ccQza3k7.debug.temp.o
LOAD CMakeFiles/atmega128a.elf.dir/feeder.c.obj
LOAD CMakeFiles/atmega128a.elf.dir/i2c_lcd.c.obj
LOAD CMakeFiles/atmega128a.elf.dir/main.c.obj
LOAD CMakeFiles/atmega128a.elf.dir/rail.c.obj
LOAD CMakeFiles/atmega128a.elf.dir/rgb_led.c.obj
LOAD CMakeFiles/atmega128a.elf.dir/servo.c.obj
LOAD CMakeFiles/atmega128a.elf.dir/system.c.obj
LOAD CMakeFiles/atmega128a.elf.dir/text_lcd.c.obj
LOAD CMakeFiles/atmega128a.elf.dir/turbidity.c.obj
START GROUP
LOAD /opt/microchip/avr-gcc/bin/../lib/gcc/avr/15.1.0/avr51/libgcc.a
LOAD /opt/microchip/avr-gcc/bin/../lib/gcc/avr/15.1.0/../../../../avr/lib/avr51/libm.a
LOAD /opt/microchip/avr-gcc/bin/../lib/gcc/avr/15.1.0/../../../../avr/lib/avr51/libc.a
LOAD /opt/microchip/avr-gcc/bin/../lib/gcc/avr/15.1.0/../../../../avr/lib/avr51/libatmega128a.a
END GROUP
                [0x00000000]                      __TEXT_REGION_ORIGIN__ = DEFINED (__TEXT_REGION_ORIGIN__)?__TEXT_REGION_ORIGIN__:0x0
                [0x00020000]                      __TEXT_REGION_LENGTH__ = DEFINED (__TEXT_REGION_LENGTH__)?__TEXT_REGION_LENGTH__:0x20000
                [0x00800100]                      __DATA_REGION_ORIGIN__ = DEFINED (__DATA_REGION_ORIGIN__)?__DATA_REGION_ORIGIN__:0x800100
                [0x00001000]                      __DATA_REGION_LENGTH__ = DEFINED (__DATA_REGION_LENGTH__)?__DATA_REGION_LENGTH__:0xff00
                [0x00001000]                      __EEPROM_REGION_LENGTH__ = DEFINED (__EEPROM_REGION_LENGTH__)?__EEPROM_REGION_LENGTH__:0x10000
                [0x00000003]                      __FUSE_REGION_LENGTH__ = DEFINED (__FUSE_REGION_LENGTH__)?__FUSE_REGION_LENGTH__:0x400
                0x00000400                        __LOCK_REGION_LENGTH__ = DEFINED (__LOCK_REGION_LENGTH__)?__LOCK_REGION_LENGTH__:0x400
                0x00000400                        __SIGNATURE_REGION_LENGTH__ = DEFINED (__SIGNATURE_REGION_LENGTH__)?__SIGNATURE_REGION_LENGTH__:0x400
                0x00000400                        __USER_SIGNATURE_REGION_LENGTH__ = DEFINED (__USER_SIGNATURE_REGION_LENGTH__)?__USER_SIGNATURE_REGION_LENGTH__:0x400

.hash
 *(.hash)

.dynsym
 *(.dynsym)

.dynstr
 *(.dynstr)

.gnu.version
 *(.gnu.version)

.gnu.version_d
 *(.gnu.version_d)

.gnu.version_r
 *(.gnu.version_r)

.rel.init
 *(.rel.init)

.rela.init
 *(.rela.init)

.rel.text
 *(.rel.text)
 *(.rel.text.*)
 *(.rel.gnu.linkonce.t*)

.rela.text
 *(.rela.text)
 *(.rela.text.*)
 *(.rela.gnu.linkonce.t*)

.rel.fini
 *(.rel.fini)

.rela.fini
 *(.rela.fini)

.rel.rodata
 *(.rel.rodata)
 *(.rel.rodata.*)
 *(.rel.gnu.linkonce.r*)

.rela.rodata
 *(.rela.rodata)
 *(.rela.rodata.*)
 *(.rela.gnu.linkonce.r*)

.rel.data
 *(.rel.data)
 *(.rel.data.*)
 *(.rel.gnu.linkonce.d*)

.rela.data
 *(.rela.data)
 *(.rela.data.*)
 *(.rela.gnu.linkonce.d*)

.rel.ctors
 *(.rel.ctors)

.rela.ctors
 *(.rela.ctors)

.rel.dtors
 *(.rel.dtors)

.rela.dtors
 *(.rela.dtors)

.rel.got
 *(.rel.got)

.rela.got
 *(.rela.got)

.rel.bss
 *(.rel.bss)

.rela.bss
 *(.rela.bss)

.rel.plt
 *(.rel.plt)

.rela.plt
 *(.rela.plt)

.text           0x00000000      0x764
 *(.vectors)
 .vectors       0x00000000       0x28 /opt/microchip/avr-gcc/bin/../lib/gcc/avr/15.1.0/../../../../avr/lib/avr51/crtatmega128a.o
                0x00000000                __vectors
                0x00000000                __vector_default
 *(.vectors)
 *(.progmem.gcc*)
                0x00000028                        . = ALIGN (0x2)
                0x00000028                        __trampolines_start = .
 *(.trampolines)
 .trampolines   0x00000028        0x0 linker stubs
 *(.trampolines*)
                0x00000028                        __trampolines_end = .
 *libprintf_flt.a:*(.progmem.data)
 *libc.a:*(.progmem.data)
 *(.progmem.*)
                0x00000028                        . = ALIGN (0x2)
 *(.lowtext)
 *(.lowtext*)
                0x00000028                        __ctors_start = .
 *(.ctors)
                0x00000028                        __ctors_end = .
                0x00000028                        __dtors_start = .
 *(.dtors)
                0x00000028                        __dtors_end = .
 SORT_BY_NAME(*)(.ctors)
 SORT_BY_NAME(*)(.dtors)
 *(.init0)
 .init0         0x00000028        0x0 /opt/microchip/avr-gcc/bin/../lib/gcc/avr/15.1.0/../../../../avr/lib/avr51/crtatmega128a.o
                0x00000028                __init
 *(.init0)
 *(.init1)
 *(.init1)
 *(.init2)
 .init2         0x00000028        0xc /opt/microchip/avr-gcc/bin/../lib/gcc/avr/15.1.0/../../../../avr/lib/avr51/crtatmega128a.o
 *(.init2)
 *(.init3)
 *(.init3)
 *(.init4)
 .init4         0x00000034       0x1a /opt/microchip/avr-gcc/bin/../lib/gcc/avr/15.1.0/avr51/libgcc.a(_copy_data.o)
                0x00000034                __do_copy_data
 .init4         0x0000004e       0x10 /opt/microchip/avr-gcc/bin/../lib/gcc/avr/15.1.0/avr51/libgcc.a(_clear_bss.o)
                0x0000004e                __do_clear_bss
 *(.init4)
 *(.init5)
 *(.init5)
 *(.init6)
 *(.init6)
 *(.init7)
 *(.init7)
 *(.init8)
 *(.init8)
 *(.init9)
 .init9         0x0000005e        0x8 /opt/microchip/avr-gcc/bin/../lib/gcc/avr/15.1.0/../../../../avr/lib/avr51/crtatmega128a.o
 *(.init9)
 *(.text)
 .text          0x00000066        0x4 /opt/microchip/avr-gcc/bin/../lib/gcc/avr/15.1.0/../../../../avr/lib/avr51/crtatmega128a.o
                0x00000066                __vector_1
                0x00000066                __bad_interrupt
                0x00000066                __vector_6
                0x00000066                __vector_3
                0x00000066                __vector_7
                0x00000066                __vector_5
                0x00000066                __vector_4
                0x00000066                __vector_9
                0x00000066                __vector_2
                0x00000066                __vector_8
 .text          0x0000006a      0x1d8 /tmp/cc5lZMSj.ltrans0.ltrans.o
                0x00000242                        . = ALIGN (0x2)
 *(.text.*)
 .text.startup  0x00000242      0x4da /tmp/cc5lZMSj.ltrans0.ltrans.o
                0x00000242                main
 .text.libgcc.div
                0x0000071c       0x44 /opt/microchip/avr-gcc/bin/../lib/gcc/avr/15.1.0/avr51/libgcc.a(_udivmodsi4.o)
                0x0000071c                __udivmodsi4
                0x00000760                        . = ALIGN (0x2)
 *(.fini9)
 .fini9         0x00000760        0x0 /opt/microchip/avr-gcc/bin/../lib/gcc/avr/15.1.0/avr51/libgcc.a(_exit.o)
                0x00000760                exit
                0x00000760                _exit
 *(.fini9)
 *(.fini8)
 *(.fini8)
 *(.fini7)
 *(.fini7)
 *(.fini6)
 *(.fini6)
 *(.fini5)
 *(.fini5)
 *(.fini4)
 *(.fini4)
 *(.fini3)
 *(.fini3)
 *(.fini2)
 *(.fini2)
 *(.fini1)
 *(.fini1)
 *(.fini0)
 .fini0         0x00000760        0x4 /opt/microchip/avr-gcc/bin/../lib/gcc/avr/15.1.0/avr51/libgcc.a(_exit.o)
 *(.fini0)
 *(.hightext)
 *(.hightext*)
 *(.progmemx.*)
                0x00000764                        . = ALIGN (0x2)
 *(.jumptables)
 *(.jumptables*)
                0x00000764                        _etext = .

.data           0x00800100       0x72 load address 0x00000764
                0x00800100                        PROVIDE (__data_start = .)
 *(.data)
 .data          0x00800100        0x4 /tmp/cc5lZMSj.ltrans0.ltrans.o
 *(.data*)
 *(.gnu.linkonce.d*)
 *(.rodata)
 *(.rodata*)
 .rodata.str1.1
                0x00800104       0x6e /tmp/cc5lZMSj.ltrans0.ltrans.o
 *(.gnu.linkonce.r*)
                0x00800172                        . = ALIGN (0x2)
                0x00800172                        _edata = .
                0x00800172                        PROVIDE (__data_end = .)

.bss            0x00800172       0x14
                0x00800172                        PROVIDE (__bss_start = .)
 *(.bss)
 .bss           0x00800172       0x14 /tmp/cc5lZMSj.ltrans0.ltrans.o
 *(.bss*)
 *(COMMON)
                0x00800186                        PROVIDE (__bss_end = .)
                0x00000764                        __data_load_start = LOADADDR (.data)
                0x000007d6                        __data_load_end = (__data_load_start + SIZEOF (.data))

.noinit         0x00800186        0x0
                [!provide]                        PROVIDE (__noinit_start = .)
 *(.noinit .noinit.* .gnu.linkonce.n.*)
                [!provide]                        PROVIDE (__noinit_end = .)
                0x00800186                        _end = .
                [!provide]                        PROVIDE (__heap_start = .)
                0x00000000                        __flmap_init_label = DEFINED (__flmap_noinit_start)?__flmap_noinit_start:0x0
                0x00000000                        __flmap = DEFINED (__flmap)?__flmap:0x0

.eeprom         0x00810000        0x0
 *(.eeprom*)
                0x00810000                        __eeprom_end = .

.fuse
 *(.fuse)
 *(.lfuse)
 *(.hfuse)
 *(.efuse)

.lock
 *(.lock*)

.signature
 *(.signature*)

.stab
 *(.stab)

.stabstr
 *(.stabstr)

.stab.excl
 *(.stab.excl)

.stab.exclstr
 *(.stab.exclstr)

.stab.index
 *(.stab.index)

.stab.indexstr
 *(.stab.indexstr)

.comment        0x00000000       0x2f
 *(.comment)
 .comment       0x00000000       0x2f /tmp/cc5lZMSj.ltrans0.ltrans.o
                                 0x30 (size before relaxing)

.note.gnu.avr.deviceinfo
                0x00000000       0x40
 .note.gnu.avr.deviceinfo
                0x00000000       0x40 /opt/microchip/avr-gcc/bin/../lib/gcc/avr/15.1.0/../../../../avr/lib/avr51/crtatmega128a.o

.gnu.build.attributes
 *(.gnu.build.attributes .gnu.build.attributes.*)

.note.gnu.build-id
 *(.note.gnu.build-id)

.debug
 *(.debug)

.line
 *(.line)

.debug_srcinfo
 *(.debug_srcinfo)

.debug_sfnames
 *(.debug_sfnames)

.debug_aranges  0x00000000       0x28
 *(.debug_aranges)
 .debug_aranges
                0x00000000       0x28 /tmp/cc5lZMSj.ltrans0.ltrans.o

.debug_pubnames
 *(.debug_pubnames)

.debug_info     0x00000000     0x2c08
 *(.debug_info .gnu.linkonce.wi.*)
 .debug_info    0x00000000      0x780 /opt/microchip/avr-gcc/bin/../lib/gcc/avr/15.1.0/../../../../avr/lib/avr51/crtatmega128a.o
 .debug_info    0x00000780     0x14bc /tmp/cc5lZMSj.ltrans0.ltrans.o
 .debug_info    0x00001c3c      0x297 /tmp/cc6c1G4j.debug.temp.o
                0x00001c3c                ds1302.c.3b59c1ad
 .debug_info    0x00001ed3      0x125 /tmp/ccsM94XP.debug.temp.o
                0x00001ed3                feeder.c.de70ca0a
 .debug_info    0x00001ff8      0x1d3 /tmp/ccCpJQSh.debug.temp.o
                0x00001ff8                i2c_lcd.c.c303de85
 .debug_info    0x000021cb      0x329 /tmp/ccwt9E9A.debug.temp.o
                0x000021cb                main.c.1795dd79
 .debug_info    0x000024f4      0x120 /tmp/ccl0Kfcu.debug.temp.o
                0x000024f4                rail.c.b2ef51ea
 .debug_info    0x00002614       0xb9 /tmp/cc9pChdt.debug.temp.o
                0x00002614                rgb_led.c.d9d618a0
 .debug_info    0x000026cd      0x105 /tmp/ccUAZRyy.debug.temp.o
                0x000026cd                servo.c.8e73e039
 .debug_info    0x000027d2      0x106 /tmp/cc6yZNj4.debug.temp.o
                0x000027d2                system.c.626a4323
 .debug_info    0x000028d8      0x330 /tmp/ccQza3k7.debug.temp.o
                0x000028d8                turbidity.c.af9cd8ca

.debug_abbrev   0x00000000     0x118a
 *(.debug_abbrev)
 .debug_abbrev  0x00000000      0x718 /opt/microchip/avr-gcc/bin/../lib/gcc/avr/15.1.0/../../../../avr/lib/avr51/crtatmega128a.o
 .debug_abbrev  0x00000718      0x1e9 /tmp/cc5lZMSj.ltrans0.ltrans.o
 .debug_abbrev  0x00000901      0x136 /tmp/cc6c1G4j.debug.temp.o
 .debug_abbrev  0x00000a37       0xe9 /tmp/ccsM94XP.debug.temp.o
 .debug_abbrev  0x00000b20       0xe9 /tmp/ccCpJQSh.debug.temp.o
 .debug_abbrev  0x00000c09      0x11c /tmp/ccwt9E9A.debug.temp.o
 .debug_abbrev  0x00000d25       0xc7 /tmp/ccl0Kfcu.debug.temp.o
 .debug_abbrev  0x00000dec       0x88 /tmp/cc9pChdt.debug.temp.o
 .debug_abbrev  0x00000e74       0xd2 /tmp/ccUAZRyy.debug.temp.o
 .debug_abbrev  0x00000f46       0xcc /tmp/cc6yZNj4.debug.temp.o
 .debug_abbrev  0x00001012      0x178 /tmp/ccQza3k7.debug.temp.o

.debug_line     0x00000000     0x204d
 *(.debug_line .debug_line.* .debug_line_end)
 .debug_line    0x00000000       0x1d /opt/microchip/avr-gcc/bin/../lib/gcc/avr/15.1.0/../../../../avr/lib/avr51/crtatmega128a.o
 .debug_line    0x0000001d     0x1b2c /tmp/cc5lZMSj.ltrans0.ltrans.o
 .debug_line    0x00001b49       0x90 /tmp/cc6c1G4j.debug.temp.o
 .debug_line    0x00001bd9       0x60 /tmp/ccsM94XP.debug.temp.o
 .debug_line    0x00001c39       0x90 /tmp/ccCpJQSh.debug.temp.o
 .debug_line    0x00001cc9       0xae /tmp/ccwt9E9A.debug.temp.o
 .debug_line    0x00001d77       0x90 /tmp/ccl0Kfcu.debug.temp.o
 .debug_line    0x00001e07       0x82 /tmp/cc9pChdt.debug.temp.o
 .debug_line    0x00001e89       0x90 /tmp/ccUAZRyy.debug.temp.o
 .debug_line    0x00001f19       0x9f /tmp/cc6yZNj4.debug.temp.o
 .debug_line    0x00001fb8       0x95 /tmp/ccQza3k7.debug.temp.o

.debug_frame    0x00000000       0xdc
 *(.debug_frame)
 .debug_frame   0x00000000       0xdc /tmp/cc5lZMSj.ltrans0.ltrans.o

.debug_str      0x00000000     0x7f01
 *(.debug_str)
 .debug_str     0x00000000      0x27d /opt/microchip/avr-gcc/bin/../lib/gcc/avr/15.1.0/../../../../avr/lib/avr51/crtatmega128a.o
 .debug_str     0x0000027d     0x7c84 /tmp/cc5lZMSj.ltrans0.ltrans.o
                                 0xd8 (size before relaxing)
 .debug_str     0x00007f01     0x73a4 /tmp/cc6c1G4j.debug.temp.o
 .debug_str     0x00007f01     0x3bdf /tmp/ccsM94XP.debug.temp.o
 .debug_str     0x00007f01     0x7356 /tmp/ccCpJQSh.debug.temp.o
 .debug_str     0x00007f01     0x7620 /tmp/ccwt9E9A.debug.temp.o
 .debug_str     0x00007f01     0x7332 /tmp/ccl0Kfcu.debug.temp.o
 .debug_str     0x00007f01     0x7249 /tmp/cc9pChdt.debug.temp.o
 .debug_str     0x00007f01     0x72c3 /tmp/ccUAZRyy.debug.temp.o
 .debug_str     0x00007f01     0x7377 /tmp/cc6yZNj4.debug.temp.o
 .debug_str     0x00007f01     0x777c /tmp/ccQza3k7.debug.temp.o

.debug_loc
 *(.debug_loc)

.debug_macinfo
 *(.debug_macinfo)

.debug_weaknames
 *(.debug_weaknames)

.debug_funcnames
 *(.debug_funcnames)

.debug_typenames
 *(.debug_typenames)

.debug_varnames
 *(.debug_varnames)

.debug_pubtypes
 *(.debug_pubtypes)

.debug_ranges
 *(.debug_ranges)

.debug_addr
 *(.debug_addr)

.debug_line_str
                0x00000000      0x342
 *(.debug_line_str)
 .debug_line_str
                0x00000000      0x342 /tmp/cc5lZMSj.ltrans0.ltrans.o
                                0x110 (size before relaxing)
 .debug_line_str
                0x00000342      0x19e /tmp/cc6c1G4j.debug.temp.o
 .debug_line_str
                0x00000342      0x102 /tmp/ccsM94XP.debug.temp.o
 .debug_line_str
                0x00000342      0x1a1 /tmp/ccCpJQSh.debug.temp.o
 .debug_line_str
                0x00000342      0x1c9 /tmp/ccwt9E9A.debug.temp.o
 .debug_line_str
                0x00000342      0x198 /tmp/ccl0Kfcu.debug.temp.o
 .debug_line_str
                0x00000342      0x163 /tmp/cc9pChdt.debug.temp.o
 .debug_line_str
                0x00000342      0x19b /tmp/ccUAZRyy.debug.temp.o
 .debug_line_str
                0x00000342      0x1b8 /tmp/cc6yZNj4.debug.temp.o
 .debug_line_str
                0x00000342      0x1a6 /tmp/ccQza3k7.debug.temp.o

.debug_loclists
                0x00000000      0xaf2
 *(.debug_loclists)
 .debug_loclists
                0x00000000      0xaf2 /tmp/cc5lZMSj.ltrans0.ltrans.o

.debug_macro    0x00000000     0x3346
 *(.debug_macro)
 .debug_macro   0x00000000       0xc8 /tmp/cc6c1G4j.debug.temp.o
 .debug_macro   0x000000c8      0xc46 /tmp/cc6c1G4j.debug.temp.o
 .debug_macro   0x00000d0e       0x10 /tmp/cc6c1G4j.debug.temp.o
 .debug_macro   0x00000d1e      0x1c9 /tmp/cc6c1G4j.debug.temp.o
 .debug_macro   0x00000ee7      0x2fd /tmp/cc6c1G4j.debug.temp.o
 .debug_macro   0x000011e4       0x9e /tmp/cc6c1G4j.debug.temp.o
 .debug_macro   0x00001282     0x138f /tmp/cc6c1G4j.debug.temp.o
 .debug_macro   0x00002611      0x204 /tmp/cc6c1G4j.debug.temp.o
 .debug_macro   0x00002815       0xcb /tmp/cc6c1G4j.debug.temp.o
 .debug_macro   0x000028e0       0x34 /tmp/cc6c1G4j.debug.temp.o
 .debug_macro   0x00002914       0x18 /tmp/cc6c1G4j.debug.temp.o
 .debug_macro   0x0000292c       0x6c /tmp/cc6c1G4j.debug.temp.o
 .debug_macro   0x00002998       0x16 /tmp/cc6c1G4j.debug.temp.o
 .debug_macro   0x000029ae       0x5d /tmp/ccsM94XP.debug.temp.o
 .debug_macro   0x00002a0b       0x16 /tmp/ccsM94XP.debug.temp.o
 .debug_macro   0x00002a21       0xa8 /tmp/ccCpJQSh.debug.temp.o
 .debug_macro   0x00002ac9       0x10 /tmp/ccCpJQSh.debug.temp.o
 .debug_macro   0x00002ad9       0x1c /tmp/ccCpJQSh.debug.temp.o
 .debug_macro   0x00002af5       0xdc /tmp/ccwt9E9A.debug.temp.o
 .debug_macro   0x00002bd1       0x16 /tmp/ccwt9E9A.debug.temp.o
 .debug_macro   0x00002be7       0x28 /tmp/ccwt9E9A.debug.temp.o
 .debug_macro   0x00002c0f       0x28 /tmp/ccwt9E9A.debug.temp.o
 .debug_macro   0x00002c37       0x28 /tmp/ccwt9E9A.debug.temp.o
 .debug_macro   0x00002c5f       0xa3 /tmp/ccl0Kfcu.debug.temp.o
 .debug_macro   0x00002d02       0x96 /tmp/cc9pChdt.debug.temp.o
 .debug_macro   0x00002d98       0x22 /tmp/cc9pChdt.debug.temp.o
 .debug_macro   0x00002dba       0xa3 /tmp/ccUAZRyy.debug.temp.o
 .debug_macro   0x00002e5d       0xeb /tmp/cc6yZNj4.debug.temp.o
 .debug_macro   0x00002f48       0xfb /tmp/ccQza3k7.debug.temp.o
 .debug_macro   0x00003043      0x303 /tmp/ccQza3k7.debug.temp.o

.debug_names
 *(.debug_names)

.debug_rnglists
                0x00000000      0x180
 *(.debug_rnglists)
 .debug_rnglists
                0x00000000      0x180 /tmp/cc5lZMSj.ltrans0.ltrans.o

.debug_str_offsets
 *(.debug_str_offsets)

.debug_sup
 *(.debug_sup)
OUTPUT(atmega128a.elf elf32-avr)
LOAD linker stubs

Cross Reference Table

Symbol                                            File
I2C_Init                                          CMakeFiles/atmega128a.elf.dir/i2c_lcd.c.obj (symbol from plugin)
                                                  CMakeFiles/atmega128a.elf.dir/main.c.obj (symbol from plugin)
I2C_Start                                         CMakeFiles/atmega128a.elf.dir/i2c_lcd.c.obj (symbol from plugin)
I2C_Stop                                          CMakeFiles/atmega128a.elf.dir/i2c_lcd.c.obj (symbol from plugin)
I2C_Write                                         CMakeFiles/atmega128a.elf.dir/i2c_lcd.c.obj (symbol from plugin)
LCD_Clear                                         CMakeFiles/atmega128a.elf.dir/i2c_lcd.c.obj (symbol from plugin)
                                                  CMakeFiles/atmega128a.elf.dir/main.c.obj (symbol from plugin)
LCD_Init                                          CMakeFiles/atmega128a.elf.dir/i2c_lcd.c.obj (symbol from plugin)
                                                  CMakeFiles/atmega128a.elf.dir/main.c.obj (symbol from plugin)
LCD_SendCommand                                   CMakeFiles/atmega128a.elf.dir/i2c_lcd.c.obj (symbol from plugin)
LCD_SendData                                      CMakeFiles/atmega128a.elf.dir/i2c_lcd.c.obj (symbol from plugin)
LCD_SetCursor                                     CMakeFiles/atmega128a.elf.dir/i2c_lcd.c.obj (symbol from plugin)
                                                  CMakeFiles/atmega128a.elf.dir/main.c.obj (symbol from plugin)
LCD_WriteNibble                                   CMakeFiles/atmega128a.elf.dir/i2c_lcd.c.obj (symbol from plugin)
LCD_WriteString                                   CMakeFiles/atmega128a.elf.dir/i2c_lcd.c.obj (symbol from plugin)
                                                  CMakeFiles/atmega128a.elf.dir/main.c.obj (symbol from plugin)
LED_AllOff                                        CMakeFiles/atmega128a.elf.dir/rgb_led.c.obj (symbol from plugin)
LED_Init                                          CMakeFiles/atmega128a.elf.dir/rgb_led.c.obj (symbol from plugin)
                                                  CMakeFiles/atmega128a.elf.dir/main.c.obj (symbol from plugin)
LED_SetStatus                                     CMakeFiles/atmega128a.elf.dir/rgb_led.c.obj (symbol from plugin)
                                                  CMakeFiles/atmega128a.elf.dir/main.c.obj (symbol from plugin)
RTC_read_time                                     CMakeFiles/atmega128a.elf.dir/ds1302.c.obj (symbol from plugin)
                                                  CMakeFiles/atmega128a.elf.dir/feeder.c.obj (symbol from plugin)
RTC_set_test_time                                 CMakeFiles/atmega128a.elf.dir/ds1302.c.obj (symbol from plugin)
RTC_set_time                                      CMakeFiles/atmega128a.elf.dir/ds1302.c.obj (symbol from plugin)
Turbidity_GetCleanRequest                         CMakeFiles/atmega128a.elf.dir/turbidity.c.obj (symbol from plugin)
Turbidity_GetData                                 CMakeFiles/atmega128a.elf.dir/turbidity.c.obj (symbol from plugin)
                                                  CMakeFiles/atmega128a.elf.dir/main.c.obj (symbol from plugin)
Turbidity_GetFsmState                             CMakeFiles/atmega128a.elf.dir/turbidity.c.obj (symbol from plugin)
Turbidity_GetLedOffValue                          CMakeFiles/atmega128a.elf.dir/turbidity.c.obj (symbol from plugin)
Turbidity_GetLedOnValue                           CMakeFiles/atmega128a.elf.dir/turbidity.c.obj (symbol from plugin)
Turbidity_GetValue                                CMakeFiles/atmega128a.elf.dir/turbidity.c.obj (symbol from plugin)
Turbidity_GetWaterState                           CMakeFiles/atmega128a.elf.dir/turbidity.c.obj (symbol from plugin)
Turbidity_Init                                    CMakeFiles/atmega128a.elf.dir/turbidity.c.obj (symbol from plugin)
                                                  CMakeFiles/atmega128a.elf.dir/main.c.obj (symbol from plugin)
Turbidity_RequestAfterFeedingCheck                CMakeFiles/atmega128a.elf.dir/turbidity.c.obj (symbol from plugin)
Turbidity_RequestMeasure                          CMakeFiles/atmega128a.elf.dir/turbidity.c.obj (symbol from plugin)
Turbidity_Update                                  CMakeFiles/atmega128a.elf.dir/turbidity.c.obj (symbol from plugin)
                                                  CMakeFiles/atmega128a.elf.dir/main.c.obj (symbol from plugin)
__DATA_REGION_LENGTH__                            /opt/microchip/avr-gcc/bin/../lib/gcc/avr/15.1.0/../../../../avr/lib/avr51/crtatmega128a.o
__DATA_REGION_ORIGIN__                            /opt/microchip/avr-gcc/bin/../lib/gcc/avr/15.1.0/../../../../avr/lib/avr51/crtatmega128a.o
__EEPROM_REGION_LENGTH__                          /opt/microchip/avr-gcc/bin/../lib/gcc/avr/15.1.0/../../../../avr/lib/avr51/crtatmega128a.o
__FUSE_REGION_LENGTH__                            /opt/microchip/avr-gcc/bin/../lib/gcc/avr/15.1.0/../../../../avr/lib/avr51/crtatmega128a.o
__TEXT_REGION_LENGTH__                            /opt/microchip/avr-gcc/bin/../lib/gcc/avr/15.1.0/../../../../avr/lib/avr51/crtatmega128a.o
__TEXT_REGION_ORIGIN__                            /opt/microchip/avr-gcc/bin/../lib/gcc/avr/15.1.0/../../../../avr/lib/avr51/crtatmega128a.o
__bad_interrupt                                   /opt/microchip/avr-gcc/bin/../lib/gcc/avr/15.1.0/../../../../avr/lib/avr51/crtatmega128a.o
__bss_end                                         /opt/microchip/avr-gcc/bin/../lib/gcc/avr/15.1.0/avr51/libgcc.a(_clear_bss.o)
__bss_start                                       /opt/microchip/avr-gcc/bin/../lib/gcc/avr/15.1.0/avr51/libgcc.a(_clear_bss.o)
__data_end                                        /opt/microchip/avr-gcc/bin/../lib/gcc/avr/15.1.0/avr51/libgcc.a(_copy_data.o)
__data_load_start                                 /opt/microchip/avr-gcc/bin/../lib/gcc/avr/15.1.0/avr51/libgcc.a(_copy_data.o)
__data_start                                      /opt/microchip/avr-gcc/bin/../lib/gcc/avr/15.1.0/avr51/libgcc.a(_copy_data.o)
__do_clear_bss                                    /opt/microchip/avr-gcc/bin/../lib/gcc/avr/15.1.0/avr51/libgcc.a(_clear_bss.o)
                                                  /tmp/cc5lZMSj.ltrans0.ltrans.o
__do_copy_data                                    /opt/microchip/avr-gcc/bin/../lib/gcc/avr/15.1.0/avr51/libgcc.a(_copy_data.o)
                                                  /tmp/cc5lZMSj.ltrans0.ltrans.o
__heap_end                                        /opt/microchip/avr-gcc/bin/../lib/gcc/avr/15.1.0/../../../../avr/lib/avr51/crtatmega128a.o
__init                                            /opt/microchip/avr-gcc/bin/../lib/gcc/avr/15.1.0/../../../../avr/lib/avr51/crtatmega128a.o
__stack                                           /opt/microchip/avr-gcc/bin/../lib/gcc/avr/15.1.0/../../../../avr/lib/avr51/crtatmega128a.o
__udivmodsi4                                      /opt/microchip/avr-gcc/bin/../lib/gcc/avr/15.1.0/avr51/libgcc.a(_udivmodsi4.o)
                                                  /tmp/cc5lZMSj.ltrans0.ltrans.o
__vector_1                                        /opt/microchip/avr-gcc/bin/../lib/gcc/avr/15.1.0/../../../../avr/lib/avr51/crtatmega128a.o
__vector_2                                        /opt/microchip/avr-gcc/bin/../lib/gcc/avr/15.1.0/../../../../avr/lib/avr51/crtatmega128a.o
__vector_3                                        /opt/microchip/avr-gcc/bin/../lib/gcc/avr/15.1.0/../../../../avr/lib/avr51/crtatmega128a.o
__vector_4                                        /opt/microchip/avr-gcc/bin/../lib/gcc/avr/15.1.0/../../../../avr/lib/avr51/crtatmega128a.o
__vector_5                                        /opt/microchip/avr-gcc/bin/../lib/gcc/avr/15.1.0/../../../../avr/lib/avr51/crtatmega128a.o
__vector_6                                        /opt/microchip/avr-gcc/bin/../lib/gcc/avr/15.1.0/../../../../avr/lib/avr51/crtatmega128a.o
__vector_7                                        /opt/microchip/avr-gcc/bin/../lib/gcc/avr/15.1.0/../../../../avr/lib/avr51/crtatmega128a.o
__vector_8                                        /opt/microchip/avr-gcc/bin/../lib/gcc/avr/15.1.0/../../../../avr/lib/avr51/crtatmega128a.o
__vector_9                                        /opt/microchip/avr-gcc/bin/../lib/gcc/avr/15.1.0/../../../../avr/lib/avr51/crtatmega128a.o
__vector_default                                  /opt/microchip/avr-gcc/bin/../lib/gcc/avr/15.1.0/../../../../avr/lib/avr51/crtatmega128a.o
__vectors                                         /opt/microchip/avr-gcc/bin/../lib/gcc/avr/15.1.0/../../../../avr/lib/avr51/crtatmega128a.o
_exit                                             /opt/microchip/avr-gcc/bin/../lib/gcc/avr/15.1.0/avr51/libgcc.a(_exit.o)
ds1302.c.3b59c1ad                                 /tmp/cc6c1G4j.debug.temp.o
                                                  /tmp/cc5lZMSj.ltrans0.ltrans.o
ds1302_init                                       CMakeFiles/atmega128a.elf.dir/ds1302.c.obj (symbol from plugin)
                                                  CMakeFiles/atmega128a.elf.dir/system.c.obj (symbol from plugin)
exit                                              /opt/microchip/avr-gcc/bin/../lib/gcc/avr/15.1.0/avr51/libgcc.a(_exit.o)
                                                  /opt/microchip/avr-gcc/bin/../lib/gcc/avr/15.1.0/../../../../avr/lib/avr51/crtatmega128a.o
feed_delay                                        CMakeFiles/atmega128a.elf.dir/rail.c.obj (symbol from plugin)
feed_fish                                         CMakeFiles/atmega128a.elf.dir/servo.c.obj (symbol from plugin)
                                                  CMakeFiles/atmega128a.elf.dir/feeder.c.obj (symbol from plugin)
feeder.c.de70ca0a                                 /tmp/ccsM94XP.debug.temp.o
                                                  /tmp/cc5lZMSj.ltrans0.ltrans.o
feeder_init                                       CMakeFiles/atmega128a.elf.dir/feeder.c.obj (symbol from plugin)
                                                  CMakeFiles/atmega128a.elf.dir/system.c.obj (symbol from plugin)
feeder_update                                     CMakeFiles/atmega128a.elf.dir/feeder.c.obj (symbol from plugin)
                                                  CMakeFiles/atmega128a.elf.dir/main.c.obj (symbol from plugin)
i2c_lcd.c.c303de85                                /tmp/ccCpJQSh.debug.temp.o
                                                  /tmp/cc5lZMSj.ltrans0.ltrans.o
main                                              /tmp/cc5lZMSj.ltrans0.ltrans.o
                                                  CMakeFiles/atmega128a.elf.dir/main.c.obj (symbol from plugin)
                                                  /opt/microchip/avr-gcc/bin/../lib/gcc/avr/15.1.0/../../../../avr/lib/avr51/crtatmega128a.o
main.c.1795dd79                                   /tmp/ccwt9E9A.debug.temp.o
                                                  /tmp/cc5lZMSj.ltrans0.ltrans.o
motor_forward                                     CMakeFiles/atmega128a.elf.dir/rail.c.obj (symbol from plugin)
motor_reverse                                     CMakeFiles/atmega128a.elf.dir/rail.c.obj (symbol from plugin)
motor_stop                                        CMakeFiles/atmega128a.elf.dir/rail.c.obj (symbol from plugin)
rail.c.b2ef51ea                                   /tmp/ccl0Kfcu.debug.temp.o
                                                  /tmp/cc5lZMSj.ltrans0.ltrans.o
rail_motion                                       CMakeFiles/atmega128a.elf.dir/rail.c.obj (symbol from plugin)
rail_run                                          CMakeFiles/atmega128a.elf.dir/rail.c.obj (symbol from plugin)
                                                  CMakeFiles/atmega128a.elf.dir/main.c.obj (symbol from plugin)
relay_init                                        CMakeFiles/atmega128a.elf.dir/rail.c.obj (symbol from plugin)
                                                  CMakeFiles/atmega128a.elf.dir/main.c.obj (symbol from plugin)
rgb_led.c.d9d618a0                                /tmp/cc9pChdt.debug.temp.o
                                                  /tmp/cc5lZMSj.ltrans0.ltrans.o
servo.c.8e73e039                                  /tmp/ccUAZRyy.debug.temp.o
                                                  /tmp/cc5lZMSj.ltrans0.ltrans.o
servo_init                                        CMakeFiles/atmega128a.elf.dir/servo.c.obj (symbol from plugin)
                                                  CMakeFiles/atmega128a.elf.dir/system.c.obj (symbol from plugin)
servo_set                                         CMakeFiles/atmega128a.elf.dir/servo.c.obj (symbol from plugin)
                                                  CMakeFiles/atmega128a.elf.dir/system.c.obj (symbol from plugin)
system.c.626a4323                                 /tmp/cc6yZNj4.debug.temp.o
                                                  /tmp/cc5lZMSj.ltrans0.ltrans.o
system_init                                       CMakeFiles/atmega128a.elf.dir/system.c.obj (symbol from plugin)
                                                  CMakeFiles/atmega128a.elf.dir/main.c.obj (symbol from plugin)
text_lcd.c.507293fc                               /tmp/ccp84QoV.debug.temp.o
turbidity                                         CMakeFiles/atmega128a.elf.dir/turbidity.c.obj (symbol from plugin)
turbidity.c.af9cd8ca                              /tmp/ccQza3k7.debug.temp.o
                                                  /tmp/cc5lZMSj.ltrans0.ltrans.o
