Archive member included to satisfy reference by file (symbol)

/opt/microchip/avr-gcc/bin/../lib/gcc/avr/15.1.0/avr51/libgcc.a(_exit.o)
                              /opt/microchip/avr-gcc/bin/../lib/gcc/avr/15.1.0/../../../../avr/lib/avr51/crtatmega128a.o (exit)
/opt/microchip/avr-gcc/bin/../lib/gcc/avr/15.1.0/avr51/libgcc.a(_udivmodsi4.o)
                              /var/folders/vc/ybrfry2140jg6vn274641yqm0000gn/T//ccMrvdjE.ltrans0.ltrans.o (__udivmodsi4)
/opt/microchip/avr-gcc/bin/../lib/gcc/avr/15.1.0/avr51/libgcc.a(_tablejump2.o)
                              /var/folders/vc/ybrfry2140jg6vn274641yqm0000gn/T//ccMrvdjE.ltrans0.ltrans.o (__tablejump2__)
/opt/microchip/avr-gcc/bin/../lib/gcc/avr/15.1.0/avr51/libgcc.a(_copy_data.o)
                              /var/folders/vc/ybrfry2140jg6vn274641yqm0000gn/T//ccMrvdjE.ltrans0.ltrans.o (__do_copy_data)
/opt/microchip/avr-gcc/bin/../lib/gcc/avr/15.1.0/avr51/libgcc.a(_clear_bss.o)
                              /var/folders/vc/ybrfry2140jg6vn274641yqm0000gn/T//ccMrvdjE.ltrans0.ltrans.o (__do_clear_bss)
/opt/microchip/avr-gcc/bin/../lib/gcc/avr/15.1.0/../../../../avr/lib/avr51/libc.a(snprintf.o)
                              /var/folders/vc/ybrfry2140jg6vn274641yqm0000gn/T//ccMrvdjE.ltrans0.ltrans.o (snprintf)
/opt/microchip/avr-gcc/bin/../lib/gcc/avr/15.1.0/../../../../avr/lib/avr51/libc.a(vfprintf_std.o)
                              /opt/microchip/avr-gcc/bin/../lib/gcc/avr/15.1.0/../../../../avr/lib/avr51/libc.a(snprintf.o) (vfprintf)
/opt/microchip/avr-gcc/bin/../lib/gcc/avr/15.1.0/../../../../avr/lib/avr51/libc.a(strnlen_P.o)
                              /opt/microchip/avr-gcc/bin/../lib/gcc/avr/15.1.0/../../../../avr/lib/avr51/libc.a(vfprintf_std.o) (strnlen_P)
/opt/microchip/avr-gcc/bin/../lib/gcc/avr/15.1.0/../../../../avr/lib/avr51/libc.a(strnlen.o)
                              /opt/microchip/avr-gcc/bin/../lib/gcc/avr/15.1.0/../../../../avr/lib/avr51/libc.a(vfprintf_std.o) (strnlen)
/opt/microchip/avr-gcc/bin/../lib/gcc/avr/15.1.0/../../../../avr/lib/avr51/libc.a(fputc.o)
                              /opt/microchip/avr-gcc/bin/../lib/gcc/avr/15.1.0/../../../../avr/lib/avr51/libc.a(vfprintf_std.o) (fputc)
/opt/microchip/avr-gcc/bin/../lib/gcc/avr/15.1.0/../../../../avr/lib/avr51/libc.a(ultoa_invert.o)
                              /opt/microchip/avr-gcc/bin/../lib/gcc/avr/15.1.0/../../../../avr/lib/avr51/libc.a(vfprintf_std.o) (__ultoa_invert)
/opt/microchip/avr-gcc/bin/../lib/gcc/avr/15.1.0/avr51/libgcc.a(_negsi2.o)
                              /opt/microchip/avr-gcc/bin/../lib/gcc/avr/15.1.0/../../../../avr/lib/avr51/libc.a(vfprintf_std.o) (__negsi2)

Discarded input sections

 .data          0x00000000        0x0 /opt/microchip/avr-gcc/bin/../lib/gcc/avr/15.1.0/../../../../avr/lib/avr51/crtatmega128a.o
 .bss           0x00000000        0x0 /opt/microchip/avr-gcc/bin/../lib/gcc/avr/15.1.0/../../../../avr/lib/avr51/crtatmega128a.o
 .group         0x00000000        0xc /var/folders/vc/ybrfry2140jg6vn274641yqm0000gn/T//ccxB0qib.debug.temp.o
 .group         0x00000000        0xc /var/folders/vc/ybrfry2140jg6vn274641yqm0000gn/T//ccxB0qib.debug.temp.o
 .group         0x00000000        0xc /var/folders/vc/ybrfry2140jg6vn274641yqm0000gn/T//ccxB0qib.debug.temp.o
 .group         0x00000000        0xc /var/folders/vc/ybrfry2140jg6vn274641yqm0000gn/T//ccxB0qib.debug.temp.o
 .group         0x00000000        0xc /var/folders/vc/ybrfry2140jg6vn274641yqm0000gn/T//ccxB0qib.debug.temp.o
 .group         0x00000000        0xc /var/folders/vc/ybrfry2140jg6vn274641yqm0000gn/T//ccxB0qib.debug.temp.o
 .group         0x00000000        0xc /var/folders/vc/ybrfry2140jg6vn274641yqm0000gn/T//ccxB0qib.debug.temp.o
 .group         0x00000000        0xc /var/folders/vc/ybrfry2140jg6vn274641yqm0000gn/T//ccxB0qib.debug.temp.o
 .group         0x00000000        0xc /var/folders/vc/ybrfry2140jg6vn274641yqm0000gn/T//ccxB0qib.debug.temp.o
 .group         0x00000000        0xc /var/folders/vc/ybrfry2140jg6vn274641yqm0000gn/T//ccxB0qib.debug.temp.o
 .group         0x00000000        0xc /var/folders/vc/ybrfry2140jg6vn274641yqm0000gn/T//ccxB0qib.debug.temp.o
 .group         0x00000000        0xc /var/folders/vc/ybrfry2140jg6vn274641yqm0000gn/T//ccxB0qib.debug.temp.o
 .comment       0x00000000       0x30 /var/folders/vc/ybrfry2140jg6vn274641yqm0000gn/T//ccxB0qib.debug.temp.o
 .group         0x00000000        0xc /var/folders/vc/ybrfry2140jg6vn274641yqm0000gn/T//cc4UWOfU.debug.temp.o
 .group         0x00000000        0xc /var/folders/vc/ybrfry2140jg6vn274641yqm0000gn/T//cc4UWOfU.debug.temp.o
 .group         0x00000000        0xc /var/folders/vc/ybrfry2140jg6vn274641yqm0000gn/T//cc4UWOfU.debug.temp.o
 .debug_info    0x00000000      0x125 /var/folders/vc/ybrfry2140jg6vn274641yqm0000gn/T//cc4UWOfU.debug.temp.o
 .debug_abbrev  0x00000000       0xe9 /var/folders/vc/ybrfry2140jg6vn274641yqm0000gn/T//cc4UWOfU.debug.temp.o
 .debug_macro   0x00000000       0x5d /var/folders/vc/ybrfry2140jg6vn274641yqm0000gn/T//cc4UWOfU.debug.temp.o
 .debug_macro   0x00000000      0xc46 /var/folders/vc/ybrfry2140jg6vn274641yqm0000gn/T//cc4UWOfU.debug.temp.o
 .debug_macro   0x00000000      0x1c9 /var/folders/vc/ybrfry2140jg6vn274641yqm0000gn/T//cc4UWOfU.debug.temp.o
 .debug_macro   0x00000000       0x16 /var/folders/vc/ybrfry2140jg6vn274641yqm0000gn/T//cc4UWOfU.debug.temp.o
 .debug_line    0x00000000       0x60 /var/folders/vc/ybrfry2140jg6vn274641yqm0000gn/T//cc4UWOfU.debug.temp.o
 .debug_str     0x00000000     0x3bdf /var/folders/vc/ybrfry2140jg6vn274641yqm0000gn/T//cc4UWOfU.debug.temp.o
 .debug_line_str
                0x00000000      0x138 /var/folders/vc/ybrfry2140jg6vn274641yqm0000gn/T//cc4UWOfU.debug.temp.o
 .comment       0x00000000       0x30 /var/folders/vc/ybrfry2140jg6vn274641yqm0000gn/T//cc4UWOfU.debug.temp.o
 .group         0x00000000        0xc /var/folders/vc/ybrfry2140jg6vn274641yqm0000gn/T//ccnsp3kG.debug.temp.o
 .group         0x00000000        0xc /var/folders/vc/ybrfry2140jg6vn274641yqm0000gn/T//ccnsp3kG.debug.temp.o
 .group         0x00000000        0xc /var/folders/vc/ybrfry2140jg6vn274641yqm0000gn/T//ccnsp3kG.debug.temp.o
 .group         0x00000000        0xc /var/folders/vc/ybrfry2140jg6vn274641yqm0000gn/T//ccnsp3kG.debug.temp.o
 .group         0x00000000        0xc /var/folders/vc/ybrfry2140jg6vn274641yqm0000gn/T//ccnsp3kG.debug.temp.o
 .group         0x00000000        0xc /var/folders/vc/ybrfry2140jg6vn274641yqm0000gn/T//ccnsp3kG.debug.temp.o
 .group         0x00000000        0xc /var/folders/vc/ybrfry2140jg6vn274641yqm0000gn/T//ccnsp3kG.debug.temp.o
 .group         0x00000000        0xc /var/folders/vc/ybrfry2140jg6vn274641yqm0000gn/T//ccnsp3kG.debug.temp.o
 .group         0x00000000        0xc /var/folders/vc/ybrfry2140jg6vn274641yqm0000gn/T//ccnsp3kG.debug.temp.o
 .group         0x00000000        0xc /var/folders/vc/ybrfry2140jg6vn274641yqm0000gn/T//ccnsp3kG.debug.temp.o
 .group         0x00000000        0xc /var/folders/vc/ybrfry2140jg6vn274641yqm0000gn/T//ccnsp3kG.debug.temp.o
 .group         0x00000000        0xc /var/folders/vc/ybrfry2140jg6vn274641yqm0000gn/T//ccnsp3kG.debug.temp.o
 .group         0x00000000        0xc /var/folders/vc/ybrfry2140jg6vn274641yqm0000gn/T//ccnsp3kG.debug.temp.o
 .group         0x00000000        0xc /var/folders/vc/ybrfry2140jg6vn274641yqm0000gn/T//ccnsp3kG.debug.temp.o
 .debug_macro   0x00000000      0xc46 /var/folders/vc/ybrfry2140jg6vn274641yqm0000gn/T//ccnsp3kG.debug.temp.o
 .debug_macro   0x00000000       0x10 /var/folders/vc/ybrfry2140jg6vn274641yqm0000gn/T//ccnsp3kG.debug.temp.o
 .debug_macro   0x00000000      0x1c9 /var/folders/vc/ybrfry2140jg6vn274641yqm0000gn/T//ccnsp3kG.debug.temp.o
 .debug_macro   0x00000000      0x2fd /var/folders/vc/ybrfry2140jg6vn274641yqm0000gn/T//ccnsp3kG.debug.temp.o
 .debug_macro   0x00000000       0x9e /var/folders/vc/ybrfry2140jg6vn274641yqm0000gn/T//ccnsp3kG.debug.temp.o
 .debug_macro   0x00000000     0x138f /var/folders/vc/ybrfry2140jg6vn274641yqm0000gn/T//ccnsp3kG.debug.temp.o
 .debug_macro   0x00000000      0x204 /var/folders/vc/ybrfry2140jg6vn274641yqm0000gn/T//ccnsp3kG.debug.temp.o
 .debug_macro   0x00000000       0xcb /var/folders/vc/ybrfry2140jg6vn274641yqm0000gn/T//ccnsp3kG.debug.temp.o
 .debug_macro   0x00000000       0x34 /var/folders/vc/ybrfry2140jg6vn274641yqm0000gn/T//ccnsp3kG.debug.temp.o
 .debug_macro   0x00000000       0x18 /var/folders/vc/ybrfry2140jg6vn274641yqm0000gn/T//ccnsp3kG.debug.temp.o
 .debug_macro   0x00000000       0x6c /var/folders/vc/ybrfry2140jg6vn274641yqm0000gn/T//ccnsp3kG.debug.temp.o
 .debug_macro   0x00000000       0x16 /var/folders/vc/ybrfry2140jg6vn274641yqm0000gn/T//ccnsp3kG.debug.temp.o
 .comment       0x00000000       0x30 /var/folders/vc/ybrfry2140jg6vn274641yqm0000gn/T//ccnsp3kG.debug.temp.o
 .group         0x00000000        0xc /var/folders/vc/ybrfry2140jg6vn274641yqm0000gn/T//cckuVPHl.debug.temp.o
 .group         0x00000000        0xc /var/folders/vc/ybrfry2140jg6vn274641yqm0000gn/T//cckuVPHl.debug.temp.o
 .group         0x00000000        0xc /var/folders/vc/ybrfry2140jg6vn274641yqm0000gn/T//cckuVPHl.debug.temp.o
 .group         0x00000000        0xc /var/folders/vc/ybrfry2140jg6vn274641yqm0000gn/T//cckuVPHl.debug.temp.o
 .group         0x00000000        0xc /var/folders/vc/ybrfry2140jg6vn274641yqm0000gn/T//cckuVPHl.debug.temp.o
 .group         0x00000000        0xc /var/folders/vc/ybrfry2140jg6vn274641yqm0000gn/T//cckuVPHl.debug.temp.o
 .group         0x00000000        0xc /var/folders/vc/ybrfry2140jg6vn274641yqm0000gn/T//cckuVPHl.debug.temp.o
 .group         0x00000000        0xc /var/folders/vc/ybrfry2140jg6vn274641yqm0000gn/T//cckuVPHl.debug.temp.o
 .group         0x00000000        0xc /var/folders/vc/ybrfry2140jg6vn274641yqm0000gn/T//cckuVPHl.debug.temp.o
 .group         0x00000000        0xc /var/folders/vc/ybrfry2140jg6vn274641yqm0000gn/T//cckuVPHl.debug.temp.o
 .group         0x00000000        0xc /var/folders/vc/ybrfry2140jg6vn274641yqm0000gn/T//cckuVPHl.debug.temp.o
 .group         0x00000000        0xc /var/folders/vc/ybrfry2140jg6vn274641yqm0000gn/T//cckuVPHl.debug.temp.o
 .group         0x00000000        0xc /var/folders/vc/ybrfry2140jg6vn274641yqm0000gn/T//cckuVPHl.debug.temp.o
 .group         0x00000000        0xc /var/folders/vc/ybrfry2140jg6vn274641yqm0000gn/T//cckuVPHl.debug.temp.o
 .group         0x00000000        0xc /var/folders/vc/ybrfry2140jg6vn274641yqm0000gn/T//cckuVPHl.debug.temp.o
 .group         0x00000000        0xc /var/folders/vc/ybrfry2140jg6vn274641yqm0000gn/T//cckuVPHl.debug.temp.o
 .group         0x00000000        0xc /var/folders/vc/ybrfry2140jg6vn274641yqm0000gn/T//cckuVPHl.debug.temp.o
 .group         0x00000000        0xc /var/folders/vc/ybrfry2140jg6vn274641yqm0000gn/T//cckuVPHl.debug.temp.o
 .group         0x00000000        0xc /var/folders/vc/ybrfry2140jg6vn274641yqm0000gn/T//cckuVPHl.debug.temp.o
 .group         0x00000000        0xc /var/folders/vc/ybrfry2140jg6vn274641yqm0000gn/T//cckuVPHl.debug.temp.o
 .debug_macro   0x00000000      0xc46 /var/folders/vc/ybrfry2140jg6vn274641yqm0000gn/T//cckuVPHl.debug.temp.o
 .debug_macro   0x00000000       0x10 /var/folders/vc/ybrfry2140jg6vn274641yqm0000gn/T//cckuVPHl.debug.temp.o
 .debug_macro   0x00000000      0x1c9 /var/folders/vc/ybrfry2140jg6vn274641yqm0000gn/T//cckuVPHl.debug.temp.o
 .debug_macro   0x00000000      0x2fd /var/folders/vc/ybrfry2140jg6vn274641yqm0000gn/T//cckuVPHl.debug.temp.o
 .debug_macro   0x00000000       0x9e /var/folders/vc/ybrfry2140jg6vn274641yqm0000gn/T//cckuVPHl.debug.temp.o
 .debug_macro   0x00000000     0x138f /var/folders/vc/ybrfry2140jg6vn274641yqm0000gn/T//cckuVPHl.debug.temp.o
 .debug_macro   0x00000000      0x204 /var/folders/vc/ybrfry2140jg6vn274641yqm0000gn/T//cckuVPHl.debug.temp.o
 .debug_macro   0x00000000       0xcb /var/folders/vc/ybrfry2140jg6vn274641yqm0000gn/T//cckuVPHl.debug.temp.o
 .debug_macro   0x00000000       0x34 /var/folders/vc/ybrfry2140jg6vn274641yqm0000gn/T//cckuVPHl.debug.temp.o
 .debug_macro   0x00000000       0x18 /var/folders/vc/ybrfry2140jg6vn274641yqm0000gn/T//cckuVPHl.debug.temp.o
 .debug_macro   0x00000000       0x6c /var/folders/vc/ybrfry2140jg6vn274641yqm0000gn/T//cckuVPHl.debug.temp.o
 .debug_macro   0x00000000       0x16 /var/folders/vc/ybrfry2140jg6vn274641yqm0000gn/T//cckuVPHl.debug.temp.o
 .comment       0x00000000       0x30 /var/folders/vc/ybrfry2140jg6vn274641yqm0000gn/T//cckuVPHl.debug.temp.o
 .group         0x00000000        0xc /var/folders/vc/ybrfry2140jg6vn274641yqm0000gn/T//cc9N2jpd.debug.temp.o
 .group         0x00000000        0xc /var/folders/vc/ybrfry2140jg6vn274641yqm0000gn/T//cc9N2jpd.debug.temp.o
 .group         0x00000000        0xc /var/folders/vc/ybrfry2140jg6vn274641yqm0000gn/T//cc9N2jpd.debug.temp.o
 .group         0x00000000        0xc /var/folders/vc/ybrfry2140jg6vn274641yqm0000gn/T//cc9N2jpd.debug.temp.o
 .group         0x00000000        0xc /var/folders/vc/ybrfry2140jg6vn274641yqm0000gn/T//cc9N2jpd.debug.temp.o
 .group         0x00000000        0xc /var/folders/vc/ybrfry2140jg6vn274641yqm0000gn/T//cc9N2jpd.debug.temp.o
 .group         0x00000000        0xc /var/folders/vc/ybrfry2140jg6vn274641yqm0000gn/T//cc9N2jpd.debug.temp.o
 .group         0x00000000        0xc /var/folders/vc/ybrfry2140jg6vn274641yqm0000gn/T//cc9N2jpd.debug.temp.o
 .group         0x00000000        0xc /var/folders/vc/ybrfry2140jg6vn274641yqm0000gn/T//cc9N2jpd.debug.temp.o
 .group         0x00000000        0xc /var/folders/vc/ybrfry2140jg6vn274641yqm0000gn/T//cc9N2jpd.debug.temp.o
 .group         0x00000000        0xc /var/folders/vc/ybrfry2140jg6vn274641yqm0000gn/T//cc9N2jpd.debug.temp.o
 .group         0x00000000        0xc /var/folders/vc/ybrfry2140jg6vn274641yqm0000gn/T//cc9N2jpd.debug.temp.o
 .group         0x00000000        0xc /var/folders/vc/ybrfry2140jg6vn274641yqm0000gn/T//cc9N2jpd.debug.temp.o
 .group         0x00000000        0xc /var/folders/vc/ybrfry2140jg6vn274641yqm0000gn/T//cc9N2jpd.debug.temp.o
 .group         0x00000000        0xc /var/folders/vc/ybrfry2140jg6vn274641yqm0000gn/T//cc9N2jpd.debug.temp.o
 .group         0x00000000        0xc /var/folders/vc/ybrfry2140jg6vn274641yqm0000gn/T//cc9N2jpd.debug.temp.o
 .debug_info    0x00000000      0x1e4 /var/folders/vc/ybrfry2140jg6vn274641yqm0000gn/T//cc9N2jpd.debug.temp.o
 .debug_abbrev  0x00000000       0xeb /var/folders/vc/ybrfry2140jg6vn274641yqm0000gn/T//cc9N2jpd.debug.temp.o
 .debug_macro   0x00000000       0xc8 /var/folders/vc/ybrfry2140jg6vn274641yqm0000gn/T//cc9N2jpd.debug.temp.o
 .debug_macro   0x00000000      0xc46 /var/folders/vc/ybrfry2140jg6vn274641yqm0000gn/T//cc9N2jpd.debug.temp.o
 .debug_macro   0x00000000       0x10 /var/folders/vc/ybrfry2140jg6vn274641yqm0000gn/T//cc9N2jpd.debug.temp.o
 .debug_macro   0x00000000      0x1c9 /var/folders/vc/ybrfry2140jg6vn274641yqm0000gn/T//cc9N2jpd.debug.temp.o
 .debug_macro   0x00000000      0x2fd /var/folders/vc/ybrfry2140jg6vn274641yqm0000gn/T//cc9N2jpd.debug.temp.o
 .debug_macro   0x00000000       0x9e /var/folders/vc/ybrfry2140jg6vn274641yqm0000gn/T//cc9N2jpd.debug.temp.o
 .debug_macro   0x00000000     0x138f /var/folders/vc/ybrfry2140jg6vn274641yqm0000gn/T//cc9N2jpd.debug.temp.o
 .debug_macro   0x00000000      0x204 /var/folders/vc/ybrfry2140jg6vn274641yqm0000gn/T//cc9N2jpd.debug.temp.o
 .debug_macro   0x00000000       0xcb /var/folders/vc/ybrfry2140jg6vn274641yqm0000gn/T//cc9N2jpd.debug.temp.o
 .debug_macro   0x00000000       0x34 /var/folders/vc/ybrfry2140jg6vn274641yqm0000gn/T//cc9N2jpd.debug.temp.o
 .debug_macro   0x00000000       0x18 /var/folders/vc/ybrfry2140jg6vn274641yqm0000gn/T//cc9N2jpd.debug.temp.o
 .debug_macro   0x00000000       0x6c /var/folders/vc/ybrfry2140jg6vn274641yqm0000gn/T//cc9N2jpd.debug.temp.o
 .debug_macro   0x00000000       0x16 /var/folders/vc/ybrfry2140jg6vn274641yqm0000gn/T//cc9N2jpd.debug.temp.o
 .debug_macro   0x00000000       0x28 /var/folders/vc/ybrfry2140jg6vn274641yqm0000gn/T//cc9N2jpd.debug.temp.o
 .debug_macro   0x00000000       0x28 /var/folders/vc/ybrfry2140jg6vn274641yqm0000gn/T//cc9N2jpd.debug.temp.o
 .debug_macro   0x00000000       0x28 /var/folders/vc/ybrfry2140jg6vn274641yqm0000gn/T//cc9N2jpd.debug.temp.o
 .debug_macro   0x00000000       0x16 /var/folders/vc/ybrfry2140jg6vn274641yqm0000gn/T//cc9N2jpd.debug.temp.o
 .debug_line    0x00000000       0xa4 /var/folders/vc/ybrfry2140jg6vn274641yqm0000gn/T//cc9N2jpd.debug.temp.o
 .debug_str     0x00000000     0x745c /var/folders/vc/ybrfry2140jg6vn274641yqm0000gn/T//cc9N2jpd.debug.temp.o
 .debug_line_str
                0x00000000      0x205 /var/folders/vc/ybrfry2140jg6vn274641yqm0000gn/T//cc9N2jpd.debug.temp.o
 .comment       0x00000000       0x30 /var/folders/vc/ybrfry2140jg6vn274641yqm0000gn/T//cc9N2jpd.debug.temp.o
 .group         0x00000000        0xc /var/folders/vc/ybrfry2140jg6vn274641yqm0000gn/T//cca3z1VJ.debug.temp.o
 .group         0x00000000        0xc /var/folders/vc/ybrfry2140jg6vn274641yqm0000gn/T//cca3z1VJ.debug.temp.o
 .group         0x00000000        0xc /var/folders/vc/ybrfry2140jg6vn274641yqm0000gn/T//cca3z1VJ.debug.temp.o
 .group         0x00000000        0xc /var/folders/vc/ybrfry2140jg6vn274641yqm0000gn/T//cca3z1VJ.debug.temp.o
 .group         0x00000000        0xc /var/folders/vc/ybrfry2140jg6vn274641yqm0000gn/T//cca3z1VJ.debug.temp.o
 .group         0x00000000        0xc /var/folders/vc/ybrfry2140jg6vn274641yqm0000gn/T//cca3z1VJ.debug.temp.o
 .group         0x00000000        0xc /var/folders/vc/ybrfry2140jg6vn274641yqm0000gn/T//cca3z1VJ.debug.temp.o
 .group         0x00000000        0xc /var/folders/vc/ybrfry2140jg6vn274641yqm0000gn/T//cca3z1VJ.debug.temp.o
 .group         0x00000000        0xc /var/folders/vc/ybrfry2140jg6vn274641yqm0000gn/T//cca3z1VJ.debug.temp.o
 .group         0x00000000        0xc /var/folders/vc/ybrfry2140jg6vn274641yqm0000gn/T//cca3z1VJ.debug.temp.o
 .group         0x00000000        0xc /var/folders/vc/ybrfry2140jg6vn274641yqm0000gn/T//cca3z1VJ.debug.temp.o
 .group         0x00000000        0xc /var/folders/vc/ybrfry2140jg6vn274641yqm0000gn/T//cca3z1VJ.debug.temp.o
 .group         0x00000000        0xc /var/folders/vc/ybrfry2140jg6vn274641yqm0000gn/T//cca3z1VJ.debug.temp.o
 .debug_macro   0x00000000      0xc46 /var/folders/vc/ybrfry2140jg6vn274641yqm0000gn/T//cca3z1VJ.debug.temp.o
 .debug_macro   0x00000000       0x10 /var/folders/vc/ybrfry2140jg6vn274641yqm0000gn/T//cca3z1VJ.debug.temp.o
 .debug_macro   0x00000000      0x1c9 /var/folders/vc/ybrfry2140jg6vn274641yqm0000gn/T//cca3z1VJ.debug.temp.o
 .debug_macro   0x00000000      0x2fd /var/folders/vc/ybrfry2140jg6vn274641yqm0000gn/T//cca3z1VJ.debug.temp.o
 .debug_macro   0x00000000       0x9e /var/folders/vc/ybrfry2140jg6vn274641yqm0000gn/T//cca3z1VJ.debug.temp.o
 .debug_macro   0x00000000     0x138f /var/folders/vc/ybrfry2140jg6vn274641yqm0000gn/T//cca3z1VJ.debug.temp.o
 .debug_macro   0x00000000      0x204 /var/folders/vc/ybrfry2140jg6vn274641yqm0000gn/T//cca3z1VJ.debug.temp.o
 .debug_macro   0x00000000       0xcb /var/folders/vc/ybrfry2140jg6vn274641yqm0000gn/T//cca3z1VJ.debug.temp.o
 .debug_macro   0x00000000       0x34 /var/folders/vc/ybrfry2140jg6vn274641yqm0000gn/T//cca3z1VJ.debug.temp.o
 .debug_macro   0x00000000       0x18 /var/folders/vc/ybrfry2140jg6vn274641yqm0000gn/T//cca3z1VJ.debug.temp.o
 .debug_macro   0x00000000       0x6c /var/folders/vc/ybrfry2140jg6vn274641yqm0000gn/T//cca3z1VJ.debug.temp.o
 .debug_macro   0x00000000       0x16 /var/folders/vc/ybrfry2140jg6vn274641yqm0000gn/T//cca3z1VJ.debug.temp.o
 .debug_macro   0x00000000       0x28 /var/folders/vc/ybrfry2140jg6vn274641yqm0000gn/T//cca3z1VJ.debug.temp.o
 .comment       0x00000000       0x30 /var/folders/vc/ybrfry2140jg6vn274641yqm0000gn/T//cca3z1VJ.debug.temp.o
 .group         0x00000000        0xc /var/folders/vc/ybrfry2140jg6vn274641yqm0000gn/T//ccK6lFBx.debug.temp.o
 .group         0x00000000        0xc /var/folders/vc/ybrfry2140jg6vn274641yqm0000gn/T//ccK6lFBx.debug.temp.o
 .group         0x00000000        0xc /var/folders/vc/ybrfry2140jg6vn274641yqm0000gn/T//ccK6lFBx.debug.temp.o
 .group         0x00000000        0xc /var/folders/vc/ybrfry2140jg6vn274641yqm0000gn/T//ccK6lFBx.debug.temp.o
 .group         0x00000000        0xc /var/folders/vc/ybrfry2140jg6vn274641yqm0000gn/T//ccK6lFBx.debug.temp.o
 .group         0x00000000        0xc /var/folders/vc/ybrfry2140jg6vn274641yqm0000gn/T//ccK6lFBx.debug.temp.o
 .group         0x00000000        0xc /var/folders/vc/ybrfry2140jg6vn274641yqm0000gn/T//ccK6lFBx.debug.temp.o
 .group         0x00000000        0xc /var/folders/vc/ybrfry2140jg6vn274641yqm0000gn/T//ccK6lFBx.debug.temp.o
 .group         0x00000000        0xc /var/folders/vc/ybrfry2140jg6vn274641yqm0000gn/T//ccK6lFBx.debug.temp.o
 .group         0x00000000        0xc /var/folders/vc/ybrfry2140jg6vn274641yqm0000gn/T//ccK6lFBx.debug.temp.o
 .group         0x00000000        0xc /var/folders/vc/ybrfry2140jg6vn274641yqm0000gn/T//ccK6lFBx.debug.temp.o
 .group         0x00000000        0xc /var/folders/vc/ybrfry2140jg6vn274641yqm0000gn/T//ccK6lFBx.debug.temp.o
 .debug_macro   0x00000000      0xc46 /var/folders/vc/ybrfry2140jg6vn274641yqm0000gn/T//ccK6lFBx.debug.temp.o
 .debug_macro   0x00000000       0x10 /var/folders/vc/ybrfry2140jg6vn274641yqm0000gn/T//ccK6lFBx.debug.temp.o
 .debug_macro   0x00000000      0x1c9 /var/folders/vc/ybrfry2140jg6vn274641yqm0000gn/T//ccK6lFBx.debug.temp.o
 .debug_macro   0x00000000      0x2fd /var/folders/vc/ybrfry2140jg6vn274641yqm0000gn/T//ccK6lFBx.debug.temp.o
 .debug_macro   0x00000000       0x9e /var/folders/vc/ybrfry2140jg6vn274641yqm0000gn/T//ccK6lFBx.debug.temp.o
 .debug_macro   0x00000000     0x138f /var/folders/vc/ybrfry2140jg6vn274641yqm0000gn/T//ccK6lFBx.debug.temp.o
 .debug_macro   0x00000000      0x204 /var/folders/vc/ybrfry2140jg6vn274641yqm0000gn/T//ccK6lFBx.debug.temp.o
 .debug_macro   0x00000000       0xcb /var/folders/vc/ybrfry2140jg6vn274641yqm0000gn/T//ccK6lFBx.debug.temp.o
 .debug_macro   0x00000000       0x34 /var/folders/vc/ybrfry2140jg6vn274641yqm0000gn/T//ccK6lFBx.debug.temp.o
 .debug_macro   0x00000000       0x18 /var/folders/vc/ybrfry2140jg6vn274641yqm0000gn/T//ccK6lFBx.debug.temp.o
 .debug_macro   0x00000000       0x6c /var/folders/vc/ybrfry2140jg6vn274641yqm0000gn/T//ccK6lFBx.debug.temp.o
 .comment       0x00000000       0x30 /var/folders/vc/ybrfry2140jg6vn274641yqm0000gn/T//ccK6lFBx.debug.temp.o
 .group         0x00000000        0xc /var/folders/vc/ybrfry2140jg6vn274641yqm0000gn/T//ccL6a6Iw.debug.temp.o
 .group         0x00000000        0xc /var/folders/vc/ybrfry2140jg6vn274641yqm0000gn/T//ccL6a6Iw.debug.temp.o
 .group         0x00000000        0xc /var/folders/vc/ybrfry2140jg6vn274641yqm0000gn/T//ccL6a6Iw.debug.temp.o
 .group         0x00000000        0xc /var/folders/vc/ybrfry2140jg6vn274641yqm0000gn/T//ccL6a6Iw.debug.temp.o
 .group         0x00000000        0xc /var/folders/vc/ybrfry2140jg6vn274641yqm0000gn/T//ccL6a6Iw.debug.temp.o
 .group         0x00000000        0xc /var/folders/vc/ybrfry2140jg6vn274641yqm0000gn/T//ccL6a6Iw.debug.temp.o
 .group         0x00000000        0xc /var/folders/vc/ybrfry2140jg6vn274641yqm0000gn/T//ccL6a6Iw.debug.temp.o
 .group         0x00000000        0xc /var/folders/vc/ybrfry2140jg6vn274641yqm0000gn/T//ccL6a6Iw.debug.temp.o
 .group         0x00000000        0xc /var/folders/vc/ybrfry2140jg6vn274641yqm0000gn/T//ccL6a6Iw.debug.temp.o
 .group         0x00000000        0xc /var/folders/vc/ybrfry2140jg6vn274641yqm0000gn/T//ccL6a6Iw.debug.temp.o
 .group         0x00000000        0xc /var/folders/vc/ybrfry2140jg6vn274641yqm0000gn/T//ccL6a6Iw.debug.temp.o
 .group         0x00000000        0xc /var/folders/vc/ybrfry2140jg6vn274641yqm0000gn/T//ccL6a6Iw.debug.temp.o
 .group         0x00000000        0xc /var/folders/vc/ybrfry2140jg6vn274641yqm0000gn/T//ccL6a6Iw.debug.temp.o
 .debug_info    0x00000000      0x105 /var/folders/vc/ybrfry2140jg6vn274641yqm0000gn/T//ccL6a6Iw.debug.temp.o
 .debug_abbrev  0x00000000       0xd2 /var/folders/vc/ybrfry2140jg6vn274641yqm0000gn/T//ccL6a6Iw.debug.temp.o
 .debug_macro   0x00000000       0xa3 /var/folders/vc/ybrfry2140jg6vn274641yqm0000gn/T//ccL6a6Iw.debug.temp.o
 .debug_macro   0x00000000      0xc46 /var/folders/vc/ybrfry2140jg6vn274641yqm0000gn/T//ccL6a6Iw.debug.temp.o
 .debug_macro   0x00000000       0x10 /var/folders/vc/ybrfry2140jg6vn274641yqm0000gn/T//ccL6a6Iw.debug.temp.o
 .debug_macro   0x00000000      0x1c9 /var/folders/vc/ybrfry2140jg6vn274641yqm0000gn/T//ccL6a6Iw.debug.temp.o
 .debug_macro   0x00000000      0x2fd /var/folders/vc/ybrfry2140jg6vn274641yqm0000gn/T//ccL6a6Iw.debug.temp.o
 .debug_macro   0x00000000       0x9e /var/folders/vc/ybrfry2140jg6vn274641yqm0000gn/T//ccL6a6Iw.debug.temp.o
 .debug_macro   0x00000000     0x138f /var/folders/vc/ybrfry2140jg6vn274641yqm0000gn/T//ccL6a6Iw.debug.temp.o
 .debug_macro   0x00000000      0x204 /var/folders/vc/ybrfry2140jg6vn274641yqm0000gn/T//ccL6a6Iw.debug.temp.o
 .debug_macro   0x00000000       0xcb /var/folders/vc/ybrfry2140jg6vn274641yqm0000gn/T//ccL6a6Iw.debug.temp.o
 .debug_macro   0x00000000       0x34 /var/folders/vc/ybrfry2140jg6vn274641yqm0000gn/T//ccL6a6Iw.debug.temp.o
 .debug_macro   0x00000000       0x18 /var/folders/vc/ybrfry2140jg6vn274641yqm0000gn/T//ccL6a6Iw.debug.temp.o
 .debug_macro   0x00000000       0x6c /var/folders/vc/ybrfry2140jg6vn274641yqm0000gn/T//ccL6a6Iw.debug.temp.o
 .debug_macro   0x00000000       0x16 /var/folders/vc/ybrfry2140jg6vn274641yqm0000gn/T//ccL6a6Iw.debug.temp.o
 .debug_macro   0x00000000       0x16 /var/folders/vc/ybrfry2140jg6vn274641yqm0000gn/T//ccL6a6Iw.debug.temp.o
 .debug_line    0x00000000       0x90 /var/folders/vc/ybrfry2140jg6vn274641yqm0000gn/T//ccL6a6Iw.debug.temp.o
 .debug_str     0x00000000     0x72c3 /var/folders/vc/ybrfry2140jg6vn274641yqm0000gn/T//ccL6a6Iw.debug.temp.o
 .debug_line_str
                0x00000000      0x1d1 /var/folders/vc/ybrfry2140jg6vn274641yqm0000gn/T//ccL6a6Iw.debug.temp.o
 .comment       0x00000000       0x30 /var/folders/vc/ybrfry2140jg6vn274641yqm0000gn/T//ccL6a6Iw.debug.temp.o
 .group         0x00000000        0xc /var/folders/vc/ybrfry2140jg6vn274641yqm0000gn/T//ccTFDG8Z.debug.temp.o
 .group         0x00000000        0xc /var/folders/vc/ybrfry2140jg6vn274641yqm0000gn/T//ccTFDG8Z.debug.temp.o
 .group         0x00000000        0xc /var/folders/vc/ybrfry2140jg6vn274641yqm0000gn/T//ccTFDG8Z.debug.temp.o
 .group         0x00000000        0xc /var/folders/vc/ybrfry2140jg6vn274641yqm0000gn/T//ccTFDG8Z.debug.temp.o
 .group         0x00000000        0xc /var/folders/vc/ybrfry2140jg6vn274641yqm0000gn/T//ccTFDG8Z.debug.temp.o
 .group         0x00000000        0xc /var/folders/vc/ybrfry2140jg6vn274641yqm0000gn/T//ccTFDG8Z.debug.temp.o
 .group         0x00000000        0xc /var/folders/vc/ybrfry2140jg6vn274641yqm0000gn/T//ccTFDG8Z.debug.temp.o
 .group         0x00000000        0xc /var/folders/vc/ybrfry2140jg6vn274641yqm0000gn/T//ccTFDG8Z.debug.temp.o
 .group         0x00000000        0xc /var/folders/vc/ybrfry2140jg6vn274641yqm0000gn/T//ccTFDG8Z.debug.temp.o
 .group         0x00000000        0xc /var/folders/vc/ybrfry2140jg6vn274641yqm0000gn/T//ccTFDG8Z.debug.temp.o
 .group         0x00000000        0xc /var/folders/vc/ybrfry2140jg6vn274641yqm0000gn/T//ccTFDG8Z.debug.temp.o
 .group         0x00000000        0xc /var/folders/vc/ybrfry2140jg6vn274641yqm0000gn/T//ccTFDG8Z.debug.temp.o
 .group         0x00000000        0xc /var/folders/vc/ybrfry2140jg6vn274641yqm0000gn/T//ccTFDG8Z.debug.temp.o
 .debug_info    0x00000000      0x106 /var/folders/vc/ybrfry2140jg6vn274641yqm0000gn/T//ccTFDG8Z.debug.temp.o
 .debug_abbrev  0x00000000       0xcc /var/folders/vc/ybrfry2140jg6vn274641yqm0000gn/T//ccTFDG8Z.debug.temp.o
 .debug_macro   0x00000000       0xeb /var/folders/vc/ybrfry2140jg6vn274641yqm0000gn/T//ccTFDG8Z.debug.temp.o
 .debug_macro   0x00000000      0xc46 /var/folders/vc/ybrfry2140jg6vn274641yqm0000gn/T//ccTFDG8Z.debug.temp.o
 .debug_macro   0x00000000       0x10 /var/folders/vc/ybrfry2140jg6vn274641yqm0000gn/T//ccTFDG8Z.debug.temp.o
 .debug_macro   0x00000000      0x1c9 /var/folders/vc/ybrfry2140jg6vn274641yqm0000gn/T//ccTFDG8Z.debug.temp.o
 .debug_macro   0x00000000      0x2fd /var/folders/vc/ybrfry2140jg6vn274641yqm0000gn/T//ccTFDG8Z.debug.temp.o
 .debug_macro   0x00000000       0x9e /var/folders/vc/ybrfry2140jg6vn274641yqm0000gn/T//ccTFDG8Z.debug.temp.o
 .debug_macro   0x00000000     0x138f /var/folders/vc/ybrfry2140jg6vn274641yqm0000gn/T//ccTFDG8Z.debug.temp.o
 .debug_macro   0x00000000      0x204 /var/folders/vc/ybrfry2140jg6vn274641yqm0000gn/T//ccTFDG8Z.debug.temp.o
 .debug_macro   0x00000000       0xcb /var/folders/vc/ybrfry2140jg6vn274641yqm0000gn/T//ccTFDG8Z.debug.temp.o
 .debug_macro   0x00000000       0x34 /var/folders/vc/ybrfry2140jg6vn274641yqm0000gn/T//ccTFDG8Z.debug.temp.o
 .debug_macro   0x00000000       0x18 /var/folders/vc/ybrfry2140jg6vn274641yqm0000gn/T//ccTFDG8Z.debug.temp.o
 .debug_macro   0x00000000       0x6c /var/folders/vc/ybrfry2140jg6vn274641yqm0000gn/T//ccTFDG8Z.debug.temp.o
 .debug_macro   0x00000000       0x16 /var/folders/vc/ybrfry2140jg6vn274641yqm0000gn/T//ccTFDG8Z.debug.temp.o
 .debug_macro   0x00000000       0x16 /var/folders/vc/ybrfry2140jg6vn274641yqm0000gn/T//ccTFDG8Z.debug.temp.o
 .debug_line    0x00000000       0x9f /var/folders/vc/ybrfry2140jg6vn274641yqm0000gn/T//ccTFDG8Z.debug.temp.o
 .debug_str     0x00000000     0x7377 /var/folders/vc/ybrfry2140jg6vn274641yqm0000gn/T//ccTFDG8Z.debug.temp.o
 .debug_line_str
                0x00000000      0x1ee /var/folders/vc/ybrfry2140jg6vn274641yqm0000gn/T//ccTFDG8Z.debug.temp.o
 .comment       0x00000000       0x30 /var/folders/vc/ybrfry2140jg6vn274641yqm0000gn/T//ccTFDG8Z.debug.temp.o
 .group         0x00000000        0xc /var/folders/vc/ybrfry2140jg6vn274641yqm0000gn/T//ccX0hyVG.debug.temp.o
 .group         0x00000000        0xc /var/folders/vc/ybrfry2140jg6vn274641yqm0000gn/T//ccX0hyVG.debug.temp.o
 .group         0x00000000        0xc /var/folders/vc/ybrfry2140jg6vn274641yqm0000gn/T//ccX0hyVG.debug.temp.o
 .group         0x00000000        0xc /var/folders/vc/ybrfry2140jg6vn274641yqm0000gn/T//ccX0hyVG.debug.temp.o
 .group         0x00000000        0xc /var/folders/vc/ybrfry2140jg6vn274641yqm0000gn/T//ccX0hyVG.debug.temp.o
 .group         0x00000000        0xc /var/folders/vc/ybrfry2140jg6vn274641yqm0000gn/T//ccX0hyVG.debug.temp.o
 .group         0x00000000        0xc /var/folders/vc/ybrfry2140jg6vn274641yqm0000gn/T//ccX0hyVG.debug.temp.o
 .group         0x00000000        0xc /var/folders/vc/ybrfry2140jg6vn274641yqm0000gn/T//ccX0hyVG.debug.temp.o
 .group         0x00000000        0xc /var/folders/vc/ybrfry2140jg6vn274641yqm0000gn/T//ccX0hyVG.debug.temp.o
 .group         0x00000000        0xc /var/folders/vc/ybrfry2140jg6vn274641yqm0000gn/T//ccX0hyVG.debug.temp.o
 .group         0x00000000        0xc /var/folders/vc/ybrfry2140jg6vn274641yqm0000gn/T//ccX0hyVG.debug.temp.o
 .group         0x00000000        0xc /var/folders/vc/ybrfry2140jg6vn274641yqm0000gn/T//ccX0hyVG.debug.temp.o
 .group         0x00000000        0xc /var/folders/vc/ybrfry2140jg6vn274641yqm0000gn/T//ccX0hyVG.debug.temp.o
 .debug_macro   0x00000000      0xc46 /var/folders/vc/ybrfry2140jg6vn274641yqm0000gn/T//ccX0hyVG.debug.temp.o
 .debug_macro   0x00000000      0x1c9 /var/folders/vc/ybrfry2140jg6vn274641yqm0000gn/T//ccX0hyVG.debug.temp.o
 .debug_macro   0x00000000       0x16 /var/folders/vc/ybrfry2140jg6vn274641yqm0000gn/T//ccX0hyVG.debug.temp.o
 .debug_macro   0x00000000       0x10 /var/folders/vc/ybrfry2140jg6vn274641yqm0000gn/T//ccX0hyVG.debug.temp.o
 .debug_macro   0x00000000       0x9e /var/folders/vc/ybrfry2140jg6vn274641yqm0000gn/T//ccX0hyVG.debug.temp.o
 .debug_macro   0x00000000     0x138f /var/folders/vc/ybrfry2140jg6vn274641yqm0000gn/T//ccX0hyVG.debug.temp.o
 .debug_macro   0x00000000      0x204 /var/folders/vc/ybrfry2140jg6vn274641yqm0000gn/T//ccX0hyVG.debug.temp.o
 .debug_macro   0x00000000       0xcb /var/folders/vc/ybrfry2140jg6vn274641yqm0000gn/T//ccX0hyVG.debug.temp.o
 .debug_macro   0x00000000       0x34 /var/folders/vc/ybrfry2140jg6vn274641yqm0000gn/T//ccX0hyVG.debug.temp.o
 .debug_macro   0x00000000       0x18 /var/folders/vc/ybrfry2140jg6vn274641yqm0000gn/T//ccX0hyVG.debug.temp.o
 .debug_macro   0x00000000       0x6c /var/folders/vc/ybrfry2140jg6vn274641yqm0000gn/T//ccX0hyVG.debug.temp.o
 .debug_macro   0x00000000       0x16 /var/folders/vc/ybrfry2140jg6vn274641yqm0000gn/T//ccX0hyVG.debug.temp.o
 .comment       0x00000000       0x30 /var/folders/vc/ybrfry2140jg6vn274641yqm0000gn/T//ccX0hyVG.debug.temp.o
 .text          0x00000000        0x0 /opt/microchip/avr-gcc/bin/../lib/gcc/avr/15.1.0/avr51/libgcc.a(_exit.o)
 .data          0x00000000        0x0 /opt/microchip/avr-gcc/bin/../lib/gcc/avr/15.1.0/avr51/libgcc.a(_exit.o)
 .bss           0x00000000        0x0 /opt/microchip/avr-gcc/bin/../lib/gcc/avr/15.1.0/avr51/libgcc.a(_exit.o)
 .text.libgcc.mul
                0x00000000        0x0 /opt/microchip/avr-gcc/bin/../lib/gcc/avr/15.1.0/avr51/libgcc.a(_exit.o)
 .text.libgcc.div
                0x00000000        0x0 /opt/microchip/avr-gcc/bin/../lib/gcc/avr/15.1.0/avr51/libgcc.a(_exit.o)
 .text.libgcc   0x00000000        0x0 /opt/microchip/avr-gcc/bin/../lib/gcc/avr/15.1.0/avr51/libgcc.a(_exit.o)
 .text.libgcc.prologue
                0x00000000        0x0 /opt/microchip/avr-gcc/bin/../lib/gcc/avr/15.1.0/avr51/libgcc.a(_exit.o)
 .text.libgcc.builtins
                0x00000000        0x0 /opt/microchip/avr-gcc/bin/../lib/gcc/avr/15.1.0/avr51/libgcc.a(_exit.o)
 .text.libgcc.fmul
                0x00000000        0x0 /opt/microchip/avr-gcc/bin/../lib/gcc/avr/15.1.0/avr51/libgcc.a(_exit.o)
 .text.libgcc.fixed
                0x00000000        0x0 /opt/microchip/avr-gcc/bin/../lib/gcc/avr/15.1.0/avr51/libgcc.a(_exit.o)
 .text          0x00000000        0x0 /opt/microchip/avr-gcc/bin/../lib/gcc/avr/15.1.0/avr51/libgcc.a(_udivmodsi4.o)
 .data          0x00000000        0x0 /opt/microchip/avr-gcc/bin/../lib/gcc/avr/15.1.0/avr51/libgcc.a(_udivmodsi4.o)
 .bss           0x00000000        0x0 /opt/microchip/avr-gcc/bin/../lib/gcc/avr/15.1.0/avr51/libgcc.a(_udivmodsi4.o)
 .text.libgcc.mul
                0x00000000        0x0 /opt/microchip/avr-gcc/bin/../lib/gcc/avr/15.1.0/avr51/libgcc.a(_udivmodsi4.o)
 .text.libgcc   0x00000000        0x0 /opt/microchip/avr-gcc/bin/../lib/gcc/avr/15.1.0/avr51/libgcc.a(_udivmodsi4.o)
 .text.libgcc.prologue
                0x00000000        0x0 /opt/microchip/avr-gcc/bin/../lib/gcc/avr/15.1.0/avr51/libgcc.a(_udivmodsi4.o)
 .text.libgcc.builtins
                0x00000000        0x0 /opt/microchip/avr-gcc/bin/../lib/gcc/avr/15.1.0/avr51/libgcc.a(_udivmodsi4.o)
 .text.libgcc.fmul
                0x00000000        0x0 /opt/microchip/avr-gcc/bin/../lib/gcc/avr/15.1.0/avr51/libgcc.a(_udivmodsi4.o)
 .text.libgcc.fixed
                0x00000000        0x0 /opt/microchip/avr-gcc/bin/../lib/gcc/avr/15.1.0/avr51/libgcc.a(_udivmodsi4.o)
 .text          0x00000000        0x0 /opt/microchip/avr-gcc/bin/../lib/gcc/avr/15.1.0/avr51/libgcc.a(_tablejump2.o)
 .data          0x00000000        0x0 /opt/microchip/avr-gcc/bin/../lib/gcc/avr/15.1.0/avr51/libgcc.a(_tablejump2.o)
 .bss           0x00000000        0x0 /opt/microchip/avr-gcc/bin/../lib/gcc/avr/15.1.0/avr51/libgcc.a(_tablejump2.o)
 .text.libgcc.mul
                0x00000000        0x0 /opt/microchip/avr-gcc/bin/../lib/gcc/avr/15.1.0/avr51/libgcc.a(_tablejump2.o)
 .text.libgcc.div
                0x00000000        0x0 /opt/microchip/avr-gcc/bin/../lib/gcc/avr/15.1.0/avr51/libgcc.a(_tablejump2.o)
 .text.libgcc.prologue
                0x00000000        0x0 /opt/microchip/avr-gcc/bin/../lib/gcc/avr/15.1.0/avr51/libgcc.a(_tablejump2.o)
 .text.libgcc.builtins
                0x00000000        0x0 /opt/microchip/avr-gcc/bin/../lib/gcc/avr/15.1.0/avr51/libgcc.a(_tablejump2.o)
 .text.libgcc.fmul
                0x00000000        0x0 /opt/microchip/avr-gcc/bin/../lib/gcc/avr/15.1.0/avr51/libgcc.a(_tablejump2.o)
 .text.libgcc.fixed
                0x00000000        0x0 /opt/microchip/avr-gcc/bin/../lib/gcc/avr/15.1.0/avr51/libgcc.a(_tablejump2.o)
 .text          0x00000000        0x0 /opt/microchip/avr-gcc/bin/../lib/gcc/avr/15.1.0/avr51/libgcc.a(_copy_data.o)
 .data          0x00000000        0x0 /opt/microchip/avr-gcc/bin/../lib/gcc/avr/15.1.0/avr51/libgcc.a(_copy_data.o)
 .bss           0x00000000        0x0 /opt/microchip/avr-gcc/bin/../lib/gcc/avr/15.1.0/avr51/libgcc.a(_copy_data.o)
 .text.libgcc.mul
                0x00000000        0x0 /opt/microchip/avr-gcc/bin/../lib/gcc/avr/15.1.0/avr51/libgcc.a(_copy_data.o)
 .text.libgcc.div
                0x00000000        0x0 /opt/microchip/avr-gcc/bin/../lib/gcc/avr/15.1.0/avr51/libgcc.a(_copy_data.o)
 .text.libgcc   0x00000000        0x0 /opt/microchip/avr-gcc/bin/../lib/gcc/avr/15.1.0/avr51/libgcc.a(_copy_data.o)
 .text.libgcc.prologue
                0x00000000        0x0 /opt/microchip/avr-gcc/bin/../lib/gcc/avr/15.1.0/avr51/libgcc.a(_copy_data.o)
 .text.libgcc.builtins
                0x00000000        0x0 /opt/microchip/avr-gcc/bin/../lib/gcc/avr/15.1.0/avr51/libgcc.a(_copy_data.o)
 .text.libgcc.fmul
                0x00000000        0x0 /opt/microchip/avr-gcc/bin/../lib/gcc/avr/15.1.0/avr51/libgcc.a(_copy_data.o)
 .text.libgcc.fixed
                0x00000000        0x0 /opt/microchip/avr-gcc/bin/../lib/gcc/avr/15.1.0/avr51/libgcc.a(_copy_data.o)
 .text          0x00000000        0x0 /opt/microchip/avr-gcc/bin/../lib/gcc/avr/15.1.0/avr51/libgcc.a(_clear_bss.o)
 .data          0x00000000        0x0 /opt/microchip/avr-gcc/bin/../lib/gcc/avr/15.1.0/avr51/libgcc.a(_clear_bss.o)
 .bss           0x00000000        0x0 /opt/microchip/avr-gcc/bin/../lib/gcc/avr/15.1.0/avr51/libgcc.a(_clear_bss.o)
 .text.libgcc.mul
                0x00000000        0x0 /opt/microchip/avr-gcc/bin/../lib/gcc/avr/15.1.0/avr51/libgcc.a(_clear_bss.o)
 .text.libgcc.div
                0x00000000        0x0 /opt/microchip/avr-gcc/bin/../lib/gcc/avr/15.1.0/avr51/libgcc.a(_clear_bss.o)
 .text.libgcc   0x00000000        0x0 /opt/microchip/avr-gcc/bin/../lib/gcc/avr/15.1.0/avr51/libgcc.a(_clear_bss.o)
 .text.libgcc.prologue
                0x00000000        0x0 /opt/microchip/avr-gcc/bin/../lib/gcc/avr/15.1.0/avr51/libgcc.a(_clear_bss.o)
 .text.libgcc.builtins
                0x00000000        0x0 /opt/microchip/avr-gcc/bin/../lib/gcc/avr/15.1.0/avr51/libgcc.a(_clear_bss.o)
 .text.libgcc.fmul
                0x00000000        0x0 /opt/microchip/avr-gcc/bin/../lib/gcc/avr/15.1.0/avr51/libgcc.a(_clear_bss.o)
 .text.libgcc.fixed
                0x00000000        0x0 /opt/microchip/avr-gcc/bin/../lib/gcc/avr/15.1.0/avr51/libgcc.a(_clear_bss.o)
 .text          0x00000000        0x0 /opt/microchip/avr-gcc/bin/../lib/gcc/avr/15.1.0/avr51/libgcc.a(_negsi2.o)
 .data          0x00000000        0x0 /opt/microchip/avr-gcc/bin/../lib/gcc/avr/15.1.0/avr51/libgcc.a(_negsi2.o)
 .bss           0x00000000        0x0 /opt/microchip/avr-gcc/bin/../lib/gcc/avr/15.1.0/avr51/libgcc.a(_negsi2.o)
 .text.libgcc.mul
                0x00000000        0x0 /opt/microchip/avr-gcc/bin/../lib/gcc/avr/15.1.0/avr51/libgcc.a(_negsi2.o)
 .text.libgcc   0x00000000        0x0 /opt/microchip/avr-gcc/bin/../lib/gcc/avr/15.1.0/avr51/libgcc.a(_negsi2.o)
 .text.libgcc.prologue
                0x00000000        0x0 /opt/microchip/avr-gcc/bin/../lib/gcc/avr/15.1.0/avr51/libgcc.a(_negsi2.o)
 .text.libgcc.builtins
                0x00000000        0x0 /opt/microchip/avr-gcc/bin/../lib/gcc/avr/15.1.0/avr51/libgcc.a(_negsi2.o)
 .text.libgcc.fmul
                0x00000000        0x0 /opt/microchip/avr-gcc/bin/../lib/gcc/avr/15.1.0/avr51/libgcc.a(_negsi2.o)
 .text.libgcc.fixed
                0x00000000        0x0 /opt/microchip/avr-gcc/bin/../lib/gcc/avr/15.1.0/avr51/libgcc.a(_negsi2.o)
 .text          0x00000000        0x0 /opt/microchip/avr-gcc/bin/../lib/gcc/avr/15.1.0/../../../../avr/lib/avr51/libc.a(snprintf.o)
 .data          0x00000000        0x0 /opt/microchip/avr-gcc/bin/../lib/gcc/avr/15.1.0/../../../../avr/lib/avr51/libc.a(snprintf.o)
 .bss           0x00000000        0x0 /opt/microchip/avr-gcc/bin/../lib/gcc/avr/15.1.0/../../../../avr/lib/avr51/libc.a(snprintf.o)
 .text          0x00000000        0x0 /opt/microchip/avr-gcc/bin/../lib/gcc/avr/15.1.0/../../../../avr/lib/avr51/libc.a(vfprintf_std.o)
 .data          0x00000000        0x0 /opt/microchip/avr-gcc/bin/../lib/gcc/avr/15.1.0/../../../../avr/lib/avr51/libc.a(vfprintf_std.o)
 .bss           0x00000000        0x0 /opt/microchip/avr-gcc/bin/../lib/gcc/avr/15.1.0/../../../../avr/lib/avr51/libc.a(vfprintf_std.o)
 .text          0x00000000        0x0 /opt/microchip/avr-gcc/bin/../lib/gcc/avr/15.1.0/../../../../avr/lib/avr51/libc.a(strnlen_P.o)
 .data          0x00000000        0x0 /opt/microchip/avr-gcc/bin/../lib/gcc/avr/15.1.0/../../../../avr/lib/avr51/libc.a(strnlen_P.o)
 .bss           0x00000000        0x0 /opt/microchip/avr-gcc/bin/../lib/gcc/avr/15.1.0/../../../../avr/lib/avr51/libc.a(strnlen_P.o)
 .text          0x00000000        0x0 /opt/microchip/avr-gcc/bin/../lib/gcc/avr/15.1.0/../../../../avr/lib/avr51/libc.a(strnlen.o)
 .data          0x00000000        0x0 /opt/microchip/avr-gcc/bin/../lib/gcc/avr/15.1.0/../../../../avr/lib/avr51/libc.a(strnlen.o)
 .bss           0x00000000        0x0 /opt/microchip/avr-gcc/bin/../lib/gcc/avr/15.1.0/../../../../avr/lib/avr51/libc.a(strnlen.o)
 .text          0x00000000        0x0 /opt/microchip/avr-gcc/bin/../lib/gcc/avr/15.1.0/../../../../avr/lib/avr51/libc.a(fputc.o)
 .data          0x00000000        0x0 /opt/microchip/avr-gcc/bin/../lib/gcc/avr/15.1.0/../../../../avr/lib/avr51/libc.a(fputc.o)
 .bss           0x00000000        0x0 /opt/microchip/avr-gcc/bin/../lib/gcc/avr/15.1.0/../../../../avr/lib/avr51/libc.a(fputc.o)
 .text          0x00000000        0x0 /opt/microchip/avr-gcc/bin/../lib/gcc/avr/15.1.0/../../../../avr/lib/avr51/libc.a(ultoa_invert.o)
 .data          0x00000000        0x0 /opt/microchip/avr-gcc/bin/../lib/gcc/avr/15.1.0/../../../../avr/lib/avr51/libc.a(ultoa_invert.o)
 .bss           0x00000000        0x0 /opt/microchip/avr-gcc/bin/../lib/gcc/avr/15.1.0/../../../../avr/lib/avr51/libc.a(ultoa_invert.o)

Memory Configuration

Name             Origin             Length             Attributes
text             0x00000000         0x00020000         xr
data             0x00800100         0x00001000         rw!x
eeprom           0x00810000         0x00001000         rw!x
fuse             0x00820000         0x00000003         rw!x
lock             0x00830000         0x00000400         rw!x
signature        0x00840000         0x00000400         rw!x
user_signatures  0x00850000         0x00000400         rw!x
*default*        0x00000000         0xffffffff

Linker script and memory map

Address of section .data set to 0x800100
LOAD /opt/microchip/avr-gcc/bin/../lib/gcc/avr/15.1.0/../../../../avr/lib/avr51/crtatmega128a.o
LOAD /opt/microchip/avr-gcc/bin/../lib/gcc/avr/15.1.0/../../../../avr/lib/avr51/libm.a
LOAD CMakeFiles/atmega128a.elf.dir/ds1302.c.obj
LOAD /var/folders/vc/ybrfry2140jg6vn274641yqm0000gn/T//ccMrvdjE.ltrans0.ltrans.o
LOAD /var/folders/vc/ybrfry2140jg6vn274641yqm0000gn/T//ccxB0qib.debug.temp.o
LOAD /var/folders/vc/ybrfry2140jg6vn274641yqm0000gn/T//cc4UWOfU.debug.temp.o
LOAD /var/folders/vc/ybrfry2140jg6vn274641yqm0000gn/T//ccnsp3kG.debug.temp.o
LOAD /var/folders/vc/ybrfry2140jg6vn274641yqm0000gn/T//cckuVPHl.debug.temp.o
LOAD /var/folders/vc/ybrfry2140jg6vn274641yqm0000gn/T//cc9N2jpd.debug.temp.o
LOAD /var/folders/vc/ybrfry2140jg6vn274641yqm0000gn/T//cca3z1VJ.debug.temp.o
LOAD /var/folders/vc/ybrfry2140jg6vn274641yqm0000gn/T//ccK6lFBx.debug.temp.o
LOAD /var/folders/vc/ybrfry2140jg6vn274641yqm0000gn/T//ccL6a6Iw.debug.temp.o
LOAD /var/folders/vc/ybrfry2140jg6vn274641yqm0000gn/T//ccTFDG8Z.debug.temp.o
LOAD /var/folders/vc/ybrfry2140jg6vn274641yqm0000gn/T//ccX0hyVG.debug.temp.o
LOAD CMakeFiles/atmega128a.elf.dir/feeder.c.obj
LOAD CMakeFiles/atmega128a.elf.dir/i2c_lcd.c.obj
LOAD CMakeFiles/atmega128a.elf.dir/main.c.obj
LOAD CMakeFiles/atmega128a.elf.dir/main_for_test.c.obj
LOAD CMakeFiles/atmega128a.elf.dir/rail.c.obj
LOAD CMakeFiles/atmega128a.elf.dir/rgb_led.c.obj
LOAD CMakeFiles/atmega128a.elf.dir/servo.c.obj
LOAD CMakeFiles/atmega128a.elf.dir/system.c.obj
LOAD CMakeFiles/atmega128a.elf.dir/turbidity.c.obj
START GROUP
LOAD /opt/microchip/avr-gcc/bin/../lib/gcc/avr/15.1.0/avr51/libgcc.a
LOAD /opt/microchip/avr-gcc/bin/../lib/gcc/avr/15.1.0/../../../../avr/lib/avr51/libm.a
LOAD /opt/microchip/avr-gcc/bin/../lib/gcc/avr/15.1.0/../../../../avr/lib/avr51/libc.a
LOAD /opt/microchip/avr-gcc/bin/../lib/gcc/avr/15.1.0/../../../../avr/lib/avr51/libatmega128a.a
END GROUP
                [0x00000000]                      __TEXT_REGION_ORIGIN__ = DEFINED (__TEXT_REGION_ORIGIN__)?__TEXT_REGION_ORIGIN__:0x0
                [0x00020000]                      __TEXT_REGION_LENGTH__ = DEFINED (__TEXT_REGION_LENGTH__)?__TEXT_REGION_LENGTH__:0x20000
                [0x00800100]                      __DATA_REGION_ORIGIN__ = DEFINED (__DATA_REGION_ORIGIN__)?__DATA_REGION_ORIGIN__:0x800100
                [0x00001000]                      __DATA_REGION_LENGTH__ = DEFINED (__DATA_REGION_LENGTH__)?__DATA_REGION_LENGTH__:0xff00
                [0x00001000]                      __EEPROM_REGION_LENGTH__ = DEFINED (__EEPROM_REGION_LENGTH__)?__EEPROM_REGION_LENGTH__:0x10000
                [0x00000003]                      __FUSE_REGION_LENGTH__ = DEFINED (__FUSE_REGION_LENGTH__)?__FUSE_REGION_LENGTH__:0x400
                0x00000400                        __LOCK_REGION_LENGTH__ = DEFINED (__LOCK_REGION_LENGTH__)?__LOCK_REGION_LENGTH__:0x400
                0x00000400                        __SIGNATURE_REGION_LENGTH__ = DEFINED (__SIGNATURE_REGION_LENGTH__)?__SIGNATURE_REGION_LENGTH__:0x400
                0x00000400                        __USER_SIGNATURE_REGION_LENGTH__ = DEFINED (__USER_SIGNATURE_REGION_LENGTH__)?__USER_SIGNATURE_REGION_LENGTH__:0x400

.hash
 *(.hash)

.dynsym
 *(.dynsym)

.dynstr
 *(.dynstr)

.gnu.version
 *(.gnu.version)

.gnu.version_d
 *(.gnu.version_d)

.gnu.version_r
 *(.gnu.version_r)

.rel.init
 *(.rel.init)

.rela.init
 *(.rela.init)

.rel.text
 *(.rel.text)
 *(.rel.text.*)
 *(.rel.gnu.linkonce.t*)

.rela.text
 *(.rela.text)
 *(.rela.text.*)
 *(.rela.gnu.linkonce.t*)

.rel.fini
 *(.rel.fini)

.rela.fini
 *(.rela.fini)

.rel.rodata
 *(.rel.rodata)
 *(.rel.rodata.*)
 *(.rel.gnu.linkonce.r*)

.rela.rodata
 *(.rela.rodata)
 *(.rela.rodata.*)
 *(.rela.gnu.linkonce.r*)

.rel.data
 *(.rel.data)
 *(.rel.data.*)
 *(.rel.gnu.linkonce.d*)

.rela.data
 *(.rela.data)
 *(.rela.data.*)
 *(.rela.gnu.linkonce.d*)

.rel.ctors
 *(.rel.ctors)

.rela.ctors
 *(.rela.ctors)

.rel.dtors
 *(.rel.dtors)

.rela.dtors
 *(.rela.dtors)

.rel.got
 *(.rel.got)

.rela.got
 *(.rela.got)

.rel.bss
 *(.rel.bss)

.rela.bss
 *(.rela.bss)

.rel.plt
 *(.rel.plt)

.rela.plt
 *(.rela.plt)

.text           0x00000000      0xcf0
 *(.vectors)
 .vectors       0x00000000       0x28 /opt/microchip/avr-gcc/bin/../lib/gcc/avr/15.1.0/../../../../avr/lib/avr51/crtatmega128a.o
                0x00000000                __vectors
                0x00000000                __vector_default
 *(.vectors)
 *(.progmem.gcc*)
                0x00000028                        . = ALIGN (0x2)
                0x00000028                        __trampolines_start = .
 *(.trampolines)
 .trampolines   0x00000028        0x0 linker stubs
 *(.trampolines*)
                0x00000028                        __trampolines_end = .
 *libprintf_flt.a:*(.progmem.data)
 *libc.a:*(.progmem.data)
 *(.progmem.*)
                0x00000028                        . = ALIGN (0x2)
 *(.lowtext)
 *(.lowtext*)
                0x00000028                        __ctors_start = .
 *(.ctors)
                0x00000028                        __ctors_end = .
                0x00000028                        __dtors_start = .
 *(.dtors)
                0x00000028                        __dtors_end = .
 SORT_BY_NAME(*)(.ctors)
 SORT_BY_NAME(*)(.dtors)
 *(.init0)
 .init0         0x00000028        0x0 /opt/microchip/avr-gcc/bin/../lib/gcc/avr/15.1.0/../../../../avr/lib/avr51/crtatmega128a.o
                0x00000028                __init
 *(.init0)
 *(.init1)
 *(.init1)
 *(.init2)
 .init2         0x00000028        0xc /opt/microchip/avr-gcc/bin/../lib/gcc/avr/15.1.0/../../../../avr/lib/avr51/crtatmega128a.o
 *(.init2)
 *(.init3)
 *(.init3)
 *(.init4)
 .init4         0x00000034       0x1a /opt/microchip/avr-gcc/bin/../lib/gcc/avr/15.1.0/avr51/libgcc.a(_copy_data.o)
                0x00000034                __do_copy_data
 .init4         0x0000004e       0x10 /opt/microchip/avr-gcc/bin/../lib/gcc/avr/15.1.0/avr51/libgcc.a(_clear_bss.o)
                0x0000004e                __do_clear_bss
 *(.init4)
 *(.init5)
 *(.init5)
 *(.init6)
 *(.init6)
 *(.init7)
 *(.init7)
 *(.init8)
 *(.init8)
 *(.init9)
 .init9         0x0000005e        0x8 /opt/microchip/avr-gcc/bin/../lib/gcc/avr/15.1.0/../../../../avr/lib/avr51/crtatmega128a.o
 *(.init9)
 *(.text)
 .text          0x00000066        0x4 /opt/microchip/avr-gcc/bin/../lib/gcc/avr/15.1.0/../../../../avr/lib/avr51/crtatmega128a.o
                0x00000066                __vector_8
                0x00000066                __bad_interrupt
                0x00000066                __vector_6
                0x00000066                __vector_3
                0x00000066                __vector_7
                0x00000066                __vector_5
                0x00000066                __vector_4
                0x00000066                __vector_9
                0x00000066                __vector_2
                0x00000066                __vector_1
 .text          0x0000006a      0x1b0 /var/folders/vc/ybrfry2140jg6vn274641yqm0000gn/T//ccMrvdjE.ltrans0.ltrans.o
                0x0000021a                        . = ALIGN (0x2)
 *(.text.*)
 .text.startup  0x0000021a      0x470 /var/folders/vc/ybrfry2140jg6vn274641yqm0000gn/T//ccMrvdjE.ltrans0.ltrans.o
                0x0000021a                main
 .text.libgcc.div
                0x0000068a       0x44 /opt/microchip/avr-gcc/bin/../lib/gcc/avr/15.1.0/avr51/libgcc.a(_udivmodsi4.o)
                0x0000068a                __udivmodsi4
 .text.libgcc   0x000006ce       0x12 /opt/microchip/avr-gcc/bin/../lib/gcc/avr/15.1.0/avr51/libgcc.a(_tablejump2.o)
                0x000006ce                __tablejump2__
 .text.libgcc.div
                0x000006e0       0x10 /opt/microchip/avr-gcc/bin/../lib/gcc/avr/15.1.0/avr51/libgcc.a(_negsi2.o)
                0x000006e0                __negsi2
 .text.avr-libc
                0x000006f0       0x78 /opt/microchip/avr-gcc/bin/../lib/gcc/avr/15.1.0/../../../../avr/lib/avr51/libc.a(snprintf.o)
                0x000006f0                snprintf
 .text.avr-libc
                0x00000768      0x428 /opt/microchip/avr-gcc/bin/../lib/gcc/avr/15.1.0/../../../../avr/lib/avr51/libc.a(vfprintf_std.o)
                0x00000768                vfprintf
 .text.avr-libc
                0x00000b90       0x16 /opt/microchip/avr-gcc/bin/../lib/gcc/avr/15.1.0/../../../../avr/lib/avr51/libc.a(strnlen_P.o)
                0x00000b90                strnlen_P
 .text.avr-libc
                0x00000ba6       0x16 /opt/microchip/avr-gcc/bin/../lib/gcc/avr/15.1.0/../../../../avr/lib/avr51/libc.a(strnlen.o)
                0x00000ba6                strnlen
 .text.avr-libc
                0x00000bbc       0x60 /opt/microchip/avr-gcc/bin/../lib/gcc/avr/15.1.0/../../../../avr/lib/avr51/libc.a(fputc.o)
                0x00000bbc                fputc
 .text.avr-libc
                0x00000c1c       0xbc /opt/microchip/avr-gcc/bin/../lib/gcc/avr/15.1.0/../../../../avr/lib/avr51/libc.a(ultoa_invert.o)
                0x00000c1c                __ultoa_invert
                0x00000cd8                        . = ALIGN (0x2)
 *(.fini9)
 .fini9         0x00000cd8        0x0 /opt/microchip/avr-gcc/bin/../lib/gcc/avr/15.1.0/avr51/libgcc.a(_exit.o)
                0x00000cd8                exit
                0x00000cd8                _exit
 *(.fini9)
 *(.fini8)
 *(.fini8)
 *(.fini7)
 *(.fini7)
 *(.fini6)
 *(.fini6)
 *(.fini5)
 *(.fini5)
 *(.fini4)
 *(.fini4)
 *(.fini3)
 *(.fini3)
 *(.fini2)
 *(.fini2)
 *(.fini1)
 *(.fini1)
 *(.fini0)
 .fini0         0x00000cd8        0x4 /opt/microchip/avr-gcc/bin/../lib/gcc/avr/15.1.0/avr51/libgcc.a(_exit.o)
 *(.fini0)
 *(.hightext)
 *(.hightext*)
 *(.progmemx.*)
                0x00000cdc                        . = ALIGN (0x2)
 *(.jumptables)
 *(.jumptables*)
 .jumptables.gcc.main
                0x00000cdc       0x14 /var/folders/vc/ybrfry2140jg6vn274641yqm0000gn/T//ccMrvdjE.ltrans0.ltrans.o
                0x00000cf0                        _etext = .

.data           0x00800100       0xee load address 0x00000cf0
                0x00800100                        PROVIDE (__data_start = .)
 *(.data)
 .data          0x00800100        0x2 /var/folders/vc/ybrfry2140jg6vn274641yqm0000gn/T//ccMrvdjE.ltrans0.ltrans.o
 *(.data*)
 *(.gnu.linkonce.d*)
 *(.rodata)
 *(.rodata*)
 .rodata.str1.1
                0x00800102       0xeb /var/folders/vc/ybrfry2140jg6vn274641yqm0000gn/T//ccMrvdjE.ltrans0.ltrans.o
 *(.gnu.linkonce.r*)
                0x008001ee                        . = ALIGN (0x2)
 *fill*         0x008001ed        0x1 
                0x008001ee                        _edata = .
                0x008001ee                        PROVIDE (__data_end = .)

.bss            0x008001ee       0x11
                0x008001ee                        PROVIDE (__bss_start = .)
 *(.bss)
 .bss           0x008001ee       0x11 /var/folders/vc/ybrfry2140jg6vn274641yqm0000gn/T//ccMrvdjE.ltrans0.ltrans.o
 *(.bss*)
 *(COMMON)
                0x008001ff                        PROVIDE (__bss_end = .)
                0x00000cf0                        __data_load_start = LOADADDR (.data)
                0x00000dde                        __data_load_end = (__data_load_start + SIZEOF (.data))

.noinit         0x008001ff        0x0
                [!provide]                        PROVIDE (__noinit_start = .)
 *(.noinit .noinit.* .gnu.linkonce.n.*)
                [!provide]                        PROVIDE (__noinit_end = .)
                0x008001ff                        _end = .
                [!provide]                        PROVIDE (__heap_start = .)
                0x00000000                        __flmap_init_label = DEFINED (__flmap_noinit_start)?__flmap_noinit_start:0x0
                0x00000000                        __flmap = DEFINED (__flmap)?__flmap:0x0

.eeprom         0x00810000        0x0
 *(.eeprom*)
                0x00810000                        __eeprom_end = .

.fuse
 *(.fuse)
 *(.lfuse)
 *(.hfuse)
 *(.efuse)

.lock
 *(.lock*)

.signature
 *(.signature*)

.stab
 *(.stab)

.stabstr
 *(.stabstr)

.stab.excl
 *(.stab.excl)

.stab.exclstr
 *(.stab.exclstr)

.stab.index
 *(.stab.index)

.stab.indexstr
 *(.stab.indexstr)

.comment        0x00000000       0x5c
 *(.comment)
 .comment       0x00000000       0x5c /var/folders/vc/ybrfry2140jg6vn274641yqm0000gn/T//ccMrvdjE.ltrans0.ltrans.o
                                 0x30 (size before relaxing)
 .comment       0x0000005c       0x2e /opt/microchip/avr-gcc/bin/../lib/gcc/avr/15.1.0/../../../../avr/lib/avr51/libc.a(snprintf.o)
 .comment       0x0000005c       0x2e /opt/microchip/avr-gcc/bin/../lib/gcc/avr/15.1.0/../../../../avr/lib/avr51/libc.a(vfprintf_std.o)
 .comment       0x0000005c       0x2e /opt/microchip/avr-gcc/bin/../lib/gcc/avr/15.1.0/../../../../avr/lib/avr51/libc.a(fputc.o)

.note.gnu.avr.deviceinfo
                0x00000000       0x40
 .note.gnu.avr.deviceinfo
                0x00000000       0x40 /opt/microchip/avr-gcc/bin/../lib/gcc/avr/15.1.0/../../../../avr/lib/avr51/crtatmega128a.o

.gnu.build.attributes
 *(.gnu.build.attributes .gnu.build.attributes.*)

.note.gnu.build-id
 *(.note.gnu.build-id)

.debug
 *(.debug)

.line
 *(.line)

.debug_srcinfo
 *(.debug_srcinfo)

.debug_sfnames
 *(.debug_sfnames)

.debug_aranges  0x00000000       0x28
 *(.debug_aranges)
 .debug_aranges
                0x00000000       0x28 /var/folders/vc/ybrfry2140jg6vn274641yqm0000gn/T//ccMrvdjE.ltrans0.ltrans.o

.debug_pubnames
 *(.debug_pubnames)

.debug_info     0x00000000     0x26a9
 *(.debug_info .gnu.linkonce.wi.*)
 .debug_info    0x00000000      0x780 /opt/microchip/avr-gcc/bin/../lib/gcc/avr/15.1.0/../../../../avr/lib/avr51/crtatmega128a.o
 .debug_info    0x00000780     0x114f /var/folders/vc/ybrfry2140jg6vn274641yqm0000gn/T//ccMrvdjE.ltrans0.ltrans.o
 .debug_info    0x000018cf      0x297 /var/folders/vc/ybrfry2140jg6vn274641yqm0000gn/T//ccxB0qib.debug.temp.o
                0x000018cf                ds1302.c.f7296eb2
 .debug_info    0x00001b66      0x1d3 /var/folders/vc/ybrfry2140jg6vn274641yqm0000gn/T//ccnsp3kG.debug.temp.o
                0x00001b66                i2c_lcd.c.e8bdfd62
 .debug_info    0x00001d39      0x467 /var/folders/vc/ybrfry2140jg6vn274641yqm0000gn/T//cckuVPHl.debug.temp.o
                0x00001d39                main.c.2efd1bec
 .debug_info    0x000021a0      0x120 /var/folders/vc/ybrfry2140jg6vn274641yqm0000gn/T//cca3z1VJ.debug.temp.o
                0x000021a0                rail.c.a19dbfd8
 .debug_info    0x000022c0       0xb9 /var/folders/vc/ybrfry2140jg6vn274641yqm0000gn/T//ccK6lFBx.debug.temp.o
                0x000022c0                rgb_led.c.bbe527e1
 .debug_info    0x00002379      0x330 /var/folders/vc/ybrfry2140jg6vn274641yqm0000gn/T//ccX0hyVG.debug.temp.o
                0x00002379                turbidity.c.209913b8

.debug_abbrev   0x00000000      0xf70
 *(.debug_abbrev)
 .debug_abbrev  0x00000000      0x718 /opt/microchip/avr-gcc/bin/../lib/gcc/avr/15.1.0/../../../../avr/lib/avr51/crtatmega128a.o
 .debug_abbrev  0x00000718      0x201 /var/folders/vc/ybrfry2140jg6vn274641yqm0000gn/T//ccMrvdjE.ltrans0.ltrans.o
 .debug_abbrev  0x00000919      0x136 /var/folders/vc/ybrfry2140jg6vn274641yqm0000gn/T//ccxB0qib.debug.temp.o
 .debug_abbrev  0x00000a4f       0xe9 /var/folders/vc/ybrfry2140jg6vn274641yqm0000gn/T//ccnsp3kG.debug.temp.o
 .debug_abbrev  0x00000b38      0x171 /var/folders/vc/ybrfry2140jg6vn274641yqm0000gn/T//cckuVPHl.debug.temp.o
 .debug_abbrev  0x00000ca9       0xc7 /var/folders/vc/ybrfry2140jg6vn274641yqm0000gn/T//cca3z1VJ.debug.temp.o
 .debug_abbrev  0x00000d70       0x88 /var/folders/vc/ybrfry2140jg6vn274641yqm0000gn/T//ccK6lFBx.debug.temp.o
 .debug_abbrev  0x00000df8      0x178 /var/folders/vc/ybrfry2140jg6vn274641yqm0000gn/T//ccX0hyVG.debug.temp.o

.debug_line     0x00000000     0x182c
 *(.debug_line .debug_line.* .debug_line_end)
 .debug_line    0x00000000       0x1d /opt/microchip/avr-gcc/bin/../lib/gcc/avr/15.1.0/../../../../avr/lib/avr51/crtatmega128a.o
 .debug_line    0x0000001d     0x1490 /var/folders/vc/ybrfry2140jg6vn274641yqm0000gn/T//ccMrvdjE.ltrans0.ltrans.o
 .debug_line    0x000014ad       0x90 /var/folders/vc/ybrfry2140jg6vn274641yqm0000gn/T//ccxB0qib.debug.temp.o
 .debug_line    0x0000153d       0x90 /var/folders/vc/ybrfry2140jg6vn274641yqm0000gn/T//ccnsp3kG.debug.temp.o
 .debug_line    0x000015cd       0xb8 /var/folders/vc/ybrfry2140jg6vn274641yqm0000gn/T//cckuVPHl.debug.temp.o
 .debug_line    0x00001685       0x90 /var/folders/vc/ybrfry2140jg6vn274641yqm0000gn/T//cca3z1VJ.debug.temp.o
 .debug_line    0x00001715       0x82 /var/folders/vc/ybrfry2140jg6vn274641yqm0000gn/T//ccK6lFBx.debug.temp.o
 .debug_line    0x00001797       0x95 /var/folders/vc/ybrfry2140jg6vn274641yqm0000gn/T//ccX0hyVG.debug.temp.o

.debug_frame    0x00000000       0xf4
 *(.debug_frame)
 .debug_frame   0x00000000       0xf4 /var/folders/vc/ybrfry2140jg6vn274641yqm0000gn/T//ccMrvdjE.ltrans0.ltrans.o

.debug_str      0x00000000     0x863d
 *(.debug_str)
 .debug_str     0x00000000      0x27d /opt/microchip/avr-gcc/bin/../lib/gcc/avr/15.1.0/../../../../avr/lib/avr51/crtatmega128a.o
 .debug_str     0x0000027d     0x83c0 /var/folders/vc/ybrfry2140jg6vn274641yqm0000gn/T//ccMrvdjE.ltrans0.ltrans.o
                                 0xe5 (size before relaxing)
 .debug_str     0x0000863d     0x73a4 /var/folders/vc/ybrfry2140jg6vn274641yqm0000gn/T//ccxB0qib.debug.temp.o
 .debug_str     0x0000863d     0x7356 /var/folders/vc/ybrfry2140jg6vn274641yqm0000gn/T//ccnsp3kG.debug.temp.o
 .debug_str     0x0000863d     0x7f03 /var/folders/vc/ybrfry2140jg6vn274641yqm0000gn/T//cckuVPHl.debug.temp.o
 .debug_str     0x0000863d     0x7332 /var/folders/vc/ybrfry2140jg6vn274641yqm0000gn/T//cca3z1VJ.debug.temp.o
 .debug_str     0x0000863d     0x7249 /var/folders/vc/ybrfry2140jg6vn274641yqm0000gn/T//ccK6lFBx.debug.temp.o
 .debug_str     0x0000863d     0x777a /var/folders/vc/ybrfry2140jg6vn274641yqm0000gn/T//ccX0hyVG.debug.temp.o

.debug_loc
 *(.debug_loc)

.debug_macinfo
 *(.debug_macinfo)

.debug_weaknames
 *(.debug_weaknames)

.debug_funcnames
 *(.debug_funcnames)

.debug_typenames
 *(.debug_typenames)

.debug_varnames
 *(.debug_varnames)

.debug_pubtypes
 *(.debug_pubtypes)

.debug_ranges
 *(.debug_ranges)

.debug_addr
 *(.debug_addr)

.debug_line_str
                0x00000000      0x34b
 *(.debug_line_str)
 .debug_line_str
                0x00000000      0x34b /var/folders/vc/ybrfry2140jg6vn274641yqm0000gn/T//ccMrvdjE.ltrans0.ltrans.o
                                0x12c (size before relaxing)
 .debug_line_str
                0x0000034b      0x1d4 /var/folders/vc/ybrfry2140jg6vn274641yqm0000gn/T//ccxB0qib.debug.temp.o
 .debug_line_str
                0x0000034b      0x1d7 /var/folders/vc/ybrfry2140jg6vn274641yqm0000gn/T//ccnsp3kG.debug.temp.o
 .debug_line_str
                0x0000034b      0x211 /var/folders/vc/ybrfry2140jg6vn274641yqm0000gn/T//cckuVPHl.debug.temp.o
 .debug_line_str
                0x0000034b      0x1ce /var/folders/vc/ybrfry2140jg6vn274641yqm0000gn/T//cca3z1VJ.debug.temp.o
 .debug_line_str
                0x0000034b      0x199 /var/folders/vc/ybrfry2140jg6vn274641yqm0000gn/T//ccK6lFBx.debug.temp.o
 .debug_line_str
                0x0000034b      0x1dd /var/folders/vc/ybrfry2140jg6vn274641yqm0000gn/T//ccX0hyVG.debug.temp.o

.debug_loclists
                0x00000000      0x7aa
 *(.debug_loclists)
 .debug_loclists
                0x00000000      0x7aa /var/folders/vc/ybrfry2140jg6vn274641yqm0000gn/T//ccMrvdjE.ltrans0.ltrans.o

.debug_macro    0x00000000     0x339b
 *(.debug_macro)
 .debug_macro   0x00000000       0xc8 /var/folders/vc/ybrfry2140jg6vn274641yqm0000gn/T//ccxB0qib.debug.temp.o
 .debug_macro   0x000000c8      0xc46 /var/folders/vc/ybrfry2140jg6vn274641yqm0000gn/T//ccxB0qib.debug.temp.o
 .debug_macro   0x00000d0e       0x10 /var/folders/vc/ybrfry2140jg6vn274641yqm0000gn/T//ccxB0qib.debug.temp.o
 .debug_macro   0x00000d1e      0x1c9 /var/folders/vc/ybrfry2140jg6vn274641yqm0000gn/T//ccxB0qib.debug.temp.o
 .debug_macro   0x00000ee7      0x2fd /var/folders/vc/ybrfry2140jg6vn274641yqm0000gn/T//ccxB0qib.debug.temp.o
 .debug_macro   0x000011e4       0x9e /var/folders/vc/ybrfry2140jg6vn274641yqm0000gn/T//ccxB0qib.debug.temp.o
 .debug_macro   0x00001282     0x138f /var/folders/vc/ybrfry2140jg6vn274641yqm0000gn/T//ccxB0qib.debug.temp.o
 .debug_macro   0x00002611      0x204 /var/folders/vc/ybrfry2140jg6vn274641yqm0000gn/T//ccxB0qib.debug.temp.o
 .debug_macro   0x00002815       0xcb /var/folders/vc/ybrfry2140jg6vn274641yqm0000gn/T//ccxB0qib.debug.temp.o
 .debug_macro   0x000028e0       0x34 /var/folders/vc/ybrfry2140jg6vn274641yqm0000gn/T//ccxB0qib.debug.temp.o
 .debug_macro   0x00002914       0x18 /var/folders/vc/ybrfry2140jg6vn274641yqm0000gn/T//ccxB0qib.debug.temp.o
 .debug_macro   0x0000292c       0x6c /var/folders/vc/ybrfry2140jg6vn274641yqm0000gn/T//ccxB0qib.debug.temp.o
 .debug_macro   0x00002998       0x16 /var/folders/vc/ybrfry2140jg6vn274641yqm0000gn/T//ccxB0qib.debug.temp.o
 .debug_macro   0x000029ae       0xa8 /var/folders/vc/ybrfry2140jg6vn274641yqm0000gn/T//ccnsp3kG.debug.temp.o
 .debug_macro   0x00002a56       0x10 /var/folders/vc/ybrfry2140jg6vn274641yqm0000gn/T//ccnsp3kG.debug.temp.o
 .debug_macro   0x00002a66       0x1c /var/folders/vc/ybrfry2140jg6vn274641yqm0000gn/T//ccnsp3kG.debug.temp.o
 .debug_macro   0x00002a82      0x13a /var/folders/vc/ybrfry2140jg6vn274641yqm0000gn/T//cckuVPHl.debug.temp.o
 .debug_macro   0x00002bbc       0x58 /var/folders/vc/ybrfry2140jg6vn274641yqm0000gn/T//cckuVPHl.debug.temp.o
 .debug_macro   0x00002c14       0x10 /var/folders/vc/ybrfry2140jg6vn274641yqm0000gn/T//cckuVPHl.debug.temp.o
 .debug_macro   0x00002c24       0x9e /var/folders/vc/ybrfry2140jg6vn274641yqm0000gn/T//cckuVPHl.debug.temp.o
 .debug_macro   0x00002cc2       0xf2 /var/folders/vc/ybrfry2140jg6vn274641yqm0000gn/T//cckuVPHl.debug.temp.o
 .debug_macro   0x00002db4       0x16 /var/folders/vc/ybrfry2140jg6vn274641yqm0000gn/T//cckuVPHl.debug.temp.o
 .debug_macro   0x00002dca       0x28 /var/folders/vc/ybrfry2140jg6vn274641yqm0000gn/T//cckuVPHl.debug.temp.o
 .debug_macro   0x00002df2       0x28 /var/folders/vc/ybrfry2140jg6vn274641yqm0000gn/T//cckuVPHl.debug.temp.o
 .debug_macro   0x00002e1a       0x28 /var/folders/vc/ybrfry2140jg6vn274641yqm0000gn/T//cckuVPHl.debug.temp.o
 .debug_macro   0x00002e42       0xa3 /var/folders/vc/ybrfry2140jg6vn274641yqm0000gn/T//cca3z1VJ.debug.temp.o
 .debug_macro   0x00002ee5       0x96 /var/folders/vc/ybrfry2140jg6vn274641yqm0000gn/T//ccK6lFBx.debug.temp.o
 .debug_macro   0x00002f7b       0x22 /var/folders/vc/ybrfry2140jg6vn274641yqm0000gn/T//ccK6lFBx.debug.temp.o
 .debug_macro   0x00002f9d       0xfb /var/folders/vc/ybrfry2140jg6vn274641yqm0000gn/T//ccX0hyVG.debug.temp.o
 .debug_macro   0x00003098      0x303 /var/folders/vc/ybrfry2140jg6vn274641yqm0000gn/T//ccX0hyVG.debug.temp.o

.debug_names
 *(.debug_names)

.debug_rnglists
                0x00000000       0x7a
 *(.debug_rnglists)
 .debug_rnglists
                0x00000000       0x7a /var/folders/vc/ybrfry2140jg6vn274641yqm0000gn/T//ccMrvdjE.ltrans0.ltrans.o

.debug_str_offsets
 *(.debug_str_offsets)

.debug_sup
 *(.debug_sup)
OUTPUT(atmega128a.elf elf32-avr)
LOAD linker stubs

Cross Reference Table

Symbol                                            File
I2C_Init                                          CMakeFiles/atmega128a.elf.dir/i2c_lcd.c.obj (symbol from plugin)
                                                  CMakeFiles/atmega128a.elf.dir/main_for_test.c.obj (symbol from plugin)
                                                  CMakeFiles/atmega128a.elf.dir/main.c.obj (symbol from plugin)
I2C_Start                                         CMakeFiles/atmega128a.elf.dir/i2c_lcd.c.obj (symbol from plugin)
I2C_Stop                                          CMakeFiles/atmega128a.elf.dir/i2c_lcd.c.obj (symbol from plugin)
I2C_Write                                         CMakeFiles/atmega128a.elf.dir/i2c_lcd.c.obj (symbol from plugin)
LCD_Clear                                         CMakeFiles/atmega128a.elf.dir/i2c_lcd.c.obj (symbol from plugin)
                                                  CMakeFiles/atmega128a.elf.dir/main_for_test.c.obj (symbol from plugin)
                                                  CMakeFiles/atmega128a.elf.dir/main.c.obj (symbol from plugin)
LCD_Init                                          CMakeFiles/atmega128a.elf.dir/i2c_lcd.c.obj (symbol from plugin)
                                                  CMakeFiles/atmega128a.elf.dir/main_for_test.c.obj (symbol from plugin)
                                                  CMakeFiles/atmega128a.elf.dir/main.c.obj (symbol from plugin)
LCD_SendCommand                                   CMakeFiles/atmega128a.elf.dir/i2c_lcd.c.obj (symbol from plugin)
LCD_SendData                                      CMakeFiles/atmega128a.elf.dir/i2c_lcd.c.obj (symbol from plugin)
LCD_SetCursor                                     CMakeFiles/atmega128a.elf.dir/i2c_lcd.c.obj (symbol from plugin)
                                                  CMakeFiles/atmega128a.elf.dir/main_for_test.c.obj (symbol from plugin)
                                                  CMakeFiles/atmega128a.elf.dir/main.c.obj (symbol from plugin)
LCD_WriteNibble                                   CMakeFiles/atmega128a.elf.dir/i2c_lcd.c.obj (symbol from plugin)
LCD_WriteString                                   CMakeFiles/atmega128a.elf.dir/i2c_lcd.c.obj (symbol from plugin)
                                                  CMakeFiles/atmega128a.elf.dir/main_for_test.c.obj (symbol from plugin)
                                                  CMakeFiles/atmega128a.elf.dir/main.c.obj (symbol from plugin)
LED_AllOff                                        CMakeFiles/atmega128a.elf.dir/rgb_led.c.obj (symbol from plugin)
                                                  CMakeFiles/atmega128a.elf.dir/main_for_test.c.obj (symbol from plugin)
LED_Init                                          CMakeFiles/atmega128a.elf.dir/rgb_led.c.obj (symbol from plugin)
                                                  CMakeFiles/atmega128a.elf.dir/main_for_test.c.obj (symbol from plugin)
                                                  CMakeFiles/atmega128a.elf.dir/main.c.obj (symbol from plugin)
LED_SetStatus                                     CMakeFiles/atmega128a.elf.dir/rgb_led.c.obj (symbol from plugin)
                                                  CMakeFiles/atmega128a.elf.dir/main_for_test.c.obj (symbol from plugin)
                                                  CMakeFiles/atmega128a.elf.dir/main.c.obj (symbol from plugin)
RTC_read_time                                     CMakeFiles/atmega128a.elf.dir/ds1302.c.obj (symbol from plugin)
                                                  CMakeFiles/atmega128a.elf.dir/feeder.c.obj (symbol from plugin)
RTC_set_test_time                                 CMakeFiles/atmega128a.elf.dir/ds1302.c.obj (symbol from plugin)
RTC_set_time                                      CMakeFiles/atmega128a.elf.dir/ds1302.c.obj (symbol from plugin)
Turbidity_GetCleanRequest                         CMakeFiles/atmega128a.elf.dir/turbidity.c.obj (symbol from plugin)
Turbidity_GetData                                 CMakeFiles/atmega128a.elf.dir/turbidity.c.obj (symbol from plugin)
                                                  CMakeFiles/atmega128a.elf.dir/main.c.obj (symbol from plugin)
Turbidity_GetFsmState                             CMakeFiles/atmega128a.elf.dir/turbidity.c.obj (symbol from plugin)
Turbidity_GetLedOffValue                          CMakeFiles/atmega128a.elf.dir/turbidity.c.obj (symbol from plugin)
Turbidity_GetLedOnValue                           CMakeFiles/atmega128a.elf.dir/turbidity.c.obj (symbol from plugin)
Turbidity_GetValue                                CMakeFiles/atmega128a.elf.dir/turbidity.c.obj (symbol from plugin)
Turbidity_GetWaterState                           CMakeFiles/atmega128a.elf.dir/turbidity.c.obj (symbol from plugin)
Turbidity_Init                                    CMakeFiles/atmega128a.elf.dir/turbidity.c.obj (symbol from plugin)
                                                  CMakeFiles/atmega128a.elf.dir/main.c.obj (symbol from plugin)
Turbidity_RequestAfterFeedingCheck                CMakeFiles/atmega128a.elf.dir/turbidity.c.obj (symbol from plugin)
Turbidity_RequestMeasure                          CMakeFiles/atmega128a.elf.dir/turbidity.c.obj (symbol from plugin)
Turbidity_Update                                  CMakeFiles/atmega128a.elf.dir/turbidity.c.obj (symbol from plugin)
                                                  CMakeFiles/atmega128a.elf.dir/main.c.obj (symbol from plugin)
__DATA_REGION_LENGTH__                            /opt/microchip/avr-gcc/bin/../lib/gcc/avr/15.1.0/../../../../avr/lib/avr51/crtatmega128a.o
__DATA_REGION_ORIGIN__                            /opt/microchip/avr-gcc/bin/../lib/gcc/avr/15.1.0/../../../../avr/lib/avr51/crtatmega128a.o
__EEPROM_REGION_LENGTH__                          /opt/microchip/avr-gcc/bin/../lib/gcc/avr/15.1.0/../../../../avr/lib/avr51/crtatmega128a.o
__FUSE_REGION_LENGTH__                            /opt/microchip/avr-gcc/bin/../lib/gcc/avr/15.1.0/../../../../avr/lib/avr51/crtatmega128a.o
__TEXT_REGION_LENGTH__                            /opt/microchip/avr-gcc/bin/../lib/gcc/avr/15.1.0/../../../../avr/lib/avr51/crtatmega128a.o
__TEXT_REGION_ORIGIN__                            /opt/microchip/avr-gcc/bin/../lib/gcc/avr/15.1.0/../../../../avr/lib/avr51/crtatmega128a.o
__bad_interrupt                                   /opt/microchip/avr-gcc/bin/../lib/gcc/avr/15.1.0/../../../../avr/lib/avr51/crtatmega128a.o
__bss_end                                         /opt/microchip/avr-gcc/bin/../lib/gcc/avr/15.1.0/avr51/libgcc.a(_clear_bss.o)
__bss_start                                       /opt/microchip/avr-gcc/bin/../lib/gcc/avr/15.1.0/avr51/libgcc.a(_clear_bss.o)
__data_end                                        /opt/microchip/avr-gcc/bin/../lib/gcc/avr/15.1.0/avr51/libgcc.a(_copy_data.o)
__data_load_start                                 /opt/microchip/avr-gcc/bin/../lib/gcc/avr/15.1.0/avr51/libgcc.a(_copy_data.o)
__data_start                                      /opt/microchip/avr-gcc/bin/../lib/gcc/avr/15.1.0/avr51/libgcc.a(_copy_data.o)
__do_clear_bss                                    /opt/microchip/avr-gcc/bin/../lib/gcc/avr/15.1.0/avr51/libgcc.a(_clear_bss.o)
                                                  /var/folders/vc/ybrfry2140jg6vn274641yqm0000gn/T//ccMrvdjE.ltrans0.ltrans.o
__do_copy_data                                    /opt/microchip/avr-gcc/bin/../lib/gcc/avr/15.1.0/avr51/libgcc.a(_copy_data.o)
                                                  /var/folders/vc/ybrfry2140jg6vn274641yqm0000gn/T//ccMrvdjE.ltrans0.ltrans.o
__heap_end                                        /opt/microchip/avr-gcc/bin/../lib/gcc/avr/15.1.0/../../../../avr/lib/avr51/crtatmega128a.o
__init                                            /opt/microchip/avr-gcc/bin/../lib/gcc/avr/15.1.0/../../../../avr/lib/avr51/crtatmega128a.o
__negsi2                                          /opt/microchip/avr-gcc/bin/../lib/gcc/avr/15.1.0/avr51/libgcc.a(_negsi2.o)
                                                  /opt/microchip/avr-gcc/bin/../lib/gcc/avr/15.1.0/../../../../avr/lib/avr51/libc.a(vfprintf_std.o)
__stack                                           /opt/microchip/avr-gcc/bin/../lib/gcc/avr/15.1.0/../../../../avr/lib/avr51/crtatmega128a.o
__tablejump2__                                    /opt/microchip/avr-gcc/bin/../lib/gcc/avr/15.1.0/avr51/libgcc.a(_tablejump2.o)
                                                  /var/folders/vc/ybrfry2140jg6vn274641yqm0000gn/T//ccMrvdjE.ltrans0.ltrans.o
__udivmodsi4                                      /opt/microchip/avr-gcc/bin/../lib/gcc/avr/15.1.0/avr51/libgcc.a(_udivmodsi4.o)
                                                  /var/folders/vc/ybrfry2140jg6vn274641yqm0000gn/T//ccMrvdjE.ltrans0.ltrans.o
__ultoa_invert                                    /opt/microchip/avr-gcc/bin/../lib/gcc/avr/15.1.0/../../../../avr/lib/avr51/libc.a(ultoa_invert.o)
                                                  /opt/microchip/avr-gcc/bin/../lib/gcc/avr/15.1.0/../../../../avr/lib/avr51/libc.a(vfprintf_std.o)
__vector_1                                        /opt/microchip/avr-gcc/bin/../lib/gcc/avr/15.1.0/../../../../avr/lib/avr51/crtatmega128a.o
__vector_2                                        /opt/microchip/avr-gcc/bin/../lib/gcc/avr/15.1.0/../../../../avr/lib/avr51/crtatmega128a.o
__vector_3                                        /opt/microchip/avr-gcc/bin/../lib/gcc/avr/15.1.0/../../../../avr/lib/avr51/crtatmega128a.o
__vector_4                                        /opt/microchip/avr-gcc/bin/../lib/gcc/avr/15.1.0/../../../../avr/lib/avr51/crtatmega128a.o
__vector_5                                        /opt/microchip/avr-gcc/bin/../lib/gcc/avr/15.1.0/../../../../avr/lib/avr51/crtatmega128a.o
__vector_6                                        /opt/microchip/avr-gcc/bin/../lib/gcc/avr/15.1.0/../../../../avr/lib/avr51/crtatmega128a.o
__vector_7                                        /opt/microchip/avr-gcc/bin/../lib/gcc/avr/15.1.0/../../../../avr/lib/avr51/crtatmega128a.o
__vector_8                                        /opt/microchip/avr-gcc/bin/../lib/gcc/avr/15.1.0/../../../../avr/lib/avr51/crtatmega128a.o
__vector_9                                        /opt/microchip/avr-gcc/bin/../lib/gcc/avr/15.1.0/../../../../avr/lib/avr51/crtatmega128a.o
__vector_default                                  /opt/microchip/avr-gcc/bin/../lib/gcc/avr/15.1.0/../../../../avr/lib/avr51/crtatmega128a.o
__vectors                                         /opt/microchip/avr-gcc/bin/../lib/gcc/avr/15.1.0/../../../../avr/lib/avr51/crtatmega128a.o
_exit                                             /opt/microchip/avr-gcc/bin/../lib/gcc/avr/15.1.0/avr51/libgcc.a(_exit.o)
ds1302.c.f7296eb2                                 /var/folders/vc/ybrfry2140jg6vn274641yqm0000gn/T//ccxB0qib.debug.temp.o
                                                  /var/folders/vc/ybrfry2140jg6vn274641yqm0000gn/T//ccMrvdjE.ltrans0.ltrans.o
ds1302_init                                       CMakeFiles/atmega128a.elf.dir/ds1302.c.obj (symbol from plugin)
                                                  CMakeFiles/atmega128a.elf.dir/system.c.obj (symbol from plugin)
                                                  CMakeFiles/atmega128a.elf.dir/main.c.obj (symbol from plugin)
exit                                              /opt/microchip/avr-gcc/bin/../lib/gcc/avr/15.1.0/avr51/libgcc.a(_exit.o)
                                                  /opt/microchip/avr-gcc/bin/../lib/gcc/avr/15.1.0/../../../../avr/lib/avr51/crtatmega128a.o
feed_delay                                        CMakeFiles/atmega128a.elf.dir/rail.c.obj (symbol from plugin)
feed_fish                                         CMakeFiles/atmega128a.elf.dir/servo.c.obj (symbol from plugin)
                                                  CMakeFiles/atmega128a.elf.dir/main_for_test.c.obj (symbol from plugin)
                                                  CMakeFiles/atmega128a.elf.dir/feeder.c.obj (symbol from plugin)
feeder.c.8036c047                                 /var/folders/vc/ybrfry2140jg6vn274641yqm0000gn/T//cc4UWOfU.debug.temp.o
feeder_init                                       CMakeFiles/atmega128a.elf.dir/feeder.c.obj (symbol from plugin)
                                                  CMakeFiles/atmega128a.elf.dir/system.c.obj (symbol from plugin)
feeder_update                                     CMakeFiles/atmega128a.elf.dir/feeder.c.obj (symbol from plugin)
for_test                                          CMakeFiles/atmega128a.elf.dir/main_for_test.c.obj (symbol from plugin)
fputc                                             /opt/microchip/avr-gcc/bin/../lib/gcc/avr/15.1.0/../../../../avr/lib/avr51/libc.a(fputc.o)
                                                  /opt/microchip/avr-gcc/bin/../lib/gcc/avr/15.1.0/../../../../avr/lib/avr51/libc.a(vfprintf_std.o)
i2c_lcd.c.e8bdfd62                                /var/folders/vc/ybrfry2140jg6vn274641yqm0000gn/T//ccnsp3kG.debug.temp.o
                                                  /var/folders/vc/ybrfry2140jg6vn274641yqm0000gn/T//ccMrvdjE.ltrans0.ltrans.o
main                                              /var/folders/vc/ybrfry2140jg6vn274641yqm0000gn/T//ccMrvdjE.ltrans0.ltrans.o
                                                  CMakeFiles/atmega128a.elf.dir/main.c.obj (symbol from plugin)
                                                  /opt/microchip/avr-gcc/bin/../lib/gcc/avr/15.1.0/../../../../avr/lib/avr51/crtatmega128a.o
main.c.2efd1bec                                   /var/folders/vc/ybrfry2140jg6vn274641yqm0000gn/T//cckuVPHl.debug.temp.o
                                                  /var/folders/vc/ybrfry2140jg6vn274641yqm0000gn/T//ccMrvdjE.ltrans0.ltrans.o
main_for_test.c.8fa25721                          /var/folders/vc/ybrfry2140jg6vn274641yqm0000gn/T//cc9N2jpd.debug.temp.o
motor_forward                                     CMakeFiles/atmega128a.elf.dir/rail.c.obj (symbol from plugin)
motor_reverse                                     CMakeFiles/atmega128a.elf.dir/rail.c.obj (symbol from plugin)
motor_stop                                        CMakeFiles/atmega128a.elf.dir/rail.c.obj (symbol from plugin)
rail.c.a19dbfd8                                   /var/folders/vc/ybrfry2140jg6vn274641yqm0000gn/T//cca3z1VJ.debug.temp.o
                                                  /var/folders/vc/ybrfry2140jg6vn274641yqm0000gn/T//ccMrvdjE.ltrans0.ltrans.o
rail_motion                                       CMakeFiles/atmega128a.elf.dir/rail.c.obj (symbol from plugin)
rail_run                                          CMakeFiles/atmega128a.elf.dir/rail.c.obj (symbol from plugin)
                                                  CMakeFiles/atmega128a.elf.dir/main_for_test.c.obj (symbol from plugin)
                                                  CMakeFiles/atmega128a.elf.dir/main.c.obj (symbol from plugin)
relay_init                                        CMakeFiles/atmega128a.elf.dir/rail.c.obj (symbol from plugin)
                                                  CMakeFiles/atmega128a.elf.dir/main_for_test.c.obj (symbol from plugin)
                                                  CMakeFiles/atmega128a.elf.dir/main.c.obj (symbol from plugin)
rgb_led.c.bbe527e1                                /var/folders/vc/ybrfry2140jg6vn274641yqm0000gn/T//ccK6lFBx.debug.temp.o
                                                  /var/folders/vc/ybrfry2140jg6vn274641yqm0000gn/T//ccMrvdjE.ltrans0.ltrans.o
servo.c.e8aed0f3                                  /var/folders/vc/ybrfry2140jg6vn274641yqm0000gn/T//ccL6a6Iw.debug.temp.o
servo_init                                        CMakeFiles/atmega128a.elf.dir/servo.c.obj (symbol from plugin)
                                                  CMakeFiles/atmega128a.elf.dir/system.c.obj (symbol from plugin)
servo_set                                         CMakeFiles/atmega128a.elf.dir/servo.c.obj (symbol from plugin)
                                                  CMakeFiles/atmega128a.elf.dir/system.c.obj (symbol from plugin)
snprintf                                          /opt/microchip/avr-gcc/bin/../lib/gcc/avr/15.1.0/../../../../avr/lib/avr51/libc.a(snprintf.o)
                                                  /var/folders/vc/ybrfry2140jg6vn274641yqm0000gn/T//ccMrvdjE.ltrans0.ltrans.o
strnlen                                           /opt/microchip/avr-gcc/bin/../lib/gcc/avr/15.1.0/../../../../avr/lib/avr51/libc.a(strnlen.o)
                                                  /opt/microchip/avr-gcc/bin/../lib/gcc/avr/15.1.0/../../../../avr/lib/avr51/libc.a(vfprintf_std.o)
strnlen_P                                         /opt/microchip/avr-gcc/bin/../lib/gcc/avr/15.1.0/../../../../avr/lib/avr51/libc.a(strnlen_P.o)
                                                  /opt/microchip/avr-gcc/bin/../lib/gcc/avr/15.1.0/../../../../avr/lib/avr51/libc.a(vfprintf_std.o)
system.c.869b47dc                                 /var/folders/vc/ybrfry2140jg6vn274641yqm0000gn/T//ccTFDG8Z.debug.temp.o
system_init                                       CMakeFiles/atmega128a.elf.dir/system.c.obj (symbol from plugin)
                                                  CMakeFiles/atmega128a.elf.dir/main_for_test.c.obj (symbol from plugin)
turbidity                                         CMakeFiles/atmega128a.elf.dir/turbidity.c.obj (symbol from plugin)
turbidity.c.209913b8                              /var/folders/vc/ybrfry2140jg6vn274641yqm0000gn/T//ccX0hyVG.debug.temp.o
                                                  /var/folders/vc/ybrfry2140jg6vn274641yqm0000gn/T//ccMrvdjE.ltrans0.ltrans.o
vfprintf                                          /opt/microchip/avr-gcc/bin/../lib/gcc/avr/15.1.0/../../../../avr/lib/avr51/libc.a(vfprintf_std.o)
                                                  /opt/microchip/avr-gcc/bin/../lib/gcc/avr/15.1.0/../../../../avr/lib/avr51/libc.a(snprintf.o)
